Component: ARM Compiler 5.06 update 6 (build 750) Tool: armlink [4d35ed]

==============================================================================

Section Cross References

    startup_stm32g431xx.o(RESET) refers to startup_stm32g431xx.o(STACK) for __initial_sp
    startup_stm32g431xx.o(RESET) refers to startup_stm32g431xx.o(.text) for Reset_Handler
    startup_stm32g431xx.o(RESET) refers to stm32g4xx_it.o(i.NMI_Handler) for NMI_Handler
    startup_stm32g431xx.o(RESET) refers to stm32g4xx_it.o(i.HardFault_Handler) for HardFault_Handler
    startup_stm32g431xx.o(RESET) refers to stm32g4xx_it.o(i.MemManage_Handler) for MemManage_Handler
    startup_stm32g431xx.o(RESET) refers to stm32g4xx_it.o(i.BusFault_Handler) for BusFault_Handler
    startup_stm32g431xx.o(RESET) refers to stm32g4xx_it.o(i.UsageFault_Handler) for UsageFault_Handler
    startup_stm32g431xx.o(RESET) refers to stm32g4xx_it.o(i.SVC_Handler) for SVC_Handler
    startup_stm32g431xx.o(RESET) refers to stm32g4xx_it.o(i.DebugMon_Handler) for DebugMon_Handler
    startup_stm32g431xx.o(RESET) refers to stm32g4xx_it.o(i.PendSV_Handler) for PendSV_Handler
    startup_stm32g431xx.o(RESET) refers to stm32g4xx_it.o(i.SysTick_Handler) for SysTick_Handler
    startup_stm32g431xx.o(RESET) refers to stm32g4xx_it.o(i.TIM1_BRK_TIM15_IRQHandler) for TIM1_BRK_TIM15_IRQHandler
    startup_stm32g431xx.o(RESET) refers to stm32g4xx_it.o(i.USART1_IRQHandler) for USART1_IRQHandler
    startup_stm32g431xx.o(RESET) refers to stm32g4xx_it.o(i.RTC_Alarm_IRQHandler) for RTC_Alarm_IRQHandler
    startup_stm32g431xx.o(.text) refers to system_stm32g4xx.o(i.SystemInit) for SystemInit
    startup_stm32g431xx.o(.text) refers to entry.o(.ARM.Collect$$$$00000000) for __main
    lcd.o(i.LCD_BusIn) refers to memseta.o(.text) for __aeabi_memclr4
    lcd.o(i.LCD_BusIn) refers to stm32g4xx_hal_gpio.o(i.HAL_GPIO_Init) for HAL_GPIO_Init
    lcd.o(i.LCD_BusOut) refers to memseta.o(.text) for __aeabi_memclr4
    lcd.o(i.LCD_BusOut) refers to stm32g4xx_hal_gpio.o(i.HAL_GPIO_Init) for HAL_GPIO_Init
    lcd.o(i.LCD_Clear) refers to lcd.o(i.LCD_SetCursor) for LCD_SetCursor
    lcd.o(i.LCD_Clear) refers to lcd.o(i.LCD_WriteRAM_Prepare) for LCD_WriteRAM_Prepare
    lcd.o(i.LCD_Clear) refers to lcd.o(i.LCD_WriteRAM) for LCD_WriteRAM
    lcd.o(i.LCD_ClearLine) refers to lcd.o(i.LCD_DisplayStringLine) for LCD_DisplayStringLine
    lcd.o(i.LCD_CtrlLinesConfig) refers to memseta.o(.text) for __aeabi_memclr4
    lcd.o(i.LCD_CtrlLinesConfig) refers to stm32g4xx_hal_gpio.o(i.HAL_GPIO_Init) for HAL_GPIO_Init
    lcd.o(i.LCD_CtrlLinesConfig) refers to lcd.o(i.LCD_BusOut) for LCD_BusOut
    lcd.o(i.LCD_DisplayChar) refers to lcd.o(i.LCD_DrawChar) for LCD_DrawChar
    lcd.o(i.LCD_DisplayChar) refers to lcd.o(.constdata) for .constdata
    lcd.o(i.LCD_DisplayOff) refers to lcd.o(i.LCD_WriteReg) for LCD_WriteReg
    lcd.o(i.LCD_DisplayOn) refers to lcd.o(i.LCD_WriteReg) for LCD_WriteReg
    lcd.o(i.LCD_DisplayStringLine) refers to lcd.o(i.LCD_DisplayChar) for LCD_DisplayChar
    lcd.o(i.LCD_DrawChar) refers to lcd.o(i.LCD_SetCursor) for LCD_SetCursor
    lcd.o(i.LCD_DrawChar) refers to lcd.o(i.LCD_WriteRAM_Prepare) for LCD_WriteRAM_Prepare
    lcd.o(i.LCD_DrawChar) refers to lcd.o(i.LCD_WriteRAM) for LCD_WriteRAM
    lcd.o(i.LCD_DrawChar) refers to lcd.o(.data) for .data
    lcd.o(i.LCD_DrawCircle) refers to lcd.o(i.LCD_SetCursor) for LCD_SetCursor
    lcd.o(i.LCD_DrawCircle) refers to lcd.o(i.LCD_WriteRAM_Prepare) for LCD_WriteRAM_Prepare
    lcd.o(i.LCD_DrawCircle) refers to lcd.o(i.LCD_WriteRAM) for LCD_WriteRAM
    lcd.o(i.LCD_DrawCircle) refers to lcd.o(.data) for .data
    lcd.o(i.LCD_DrawLine) refers to lcd.o(i.LCD_SetCursor) for LCD_SetCursor
    lcd.o(i.LCD_DrawLine) refers to lcd.o(i.LCD_WriteRAM_Prepare) for LCD_WriteRAM_Prepare
    lcd.o(i.LCD_DrawLine) refers to lcd.o(i.LCD_WriteRAM) for LCD_WriteRAM
    lcd.o(i.LCD_DrawLine) refers to lcd.o(.data) for .data
    lcd.o(i.LCD_DrawMonoPict) refers to lcd.o(i.LCD_SetCursor) for LCD_SetCursor
    lcd.o(i.LCD_DrawMonoPict) refers to lcd.o(i.LCD_WriteRAM_Prepare) for LCD_WriteRAM_Prepare
    lcd.o(i.LCD_DrawMonoPict) refers to lcd.o(i.LCD_WriteRAM) for LCD_WriteRAM
    lcd.o(i.LCD_DrawMonoPict) refers to lcd.o(.data) for .data
    lcd.o(i.LCD_DrawPicture) refers to lcd.o(i.LCD_SetCursor) for LCD_SetCursor
    lcd.o(i.LCD_DrawPicture) refers to lcd.o(i.LCD_WriteRAM_Prepare) for LCD_WriteRAM_Prepare
    lcd.o(i.LCD_DrawPicture) refers to lcd.o(i.LCD_WriteRAM) for LCD_WriteRAM
    lcd.o(i.LCD_DrawRect) refers to lcd.o(i.LCD_DrawLine) for LCD_DrawLine
    lcd.o(i.LCD_Init) refers to lcd.o(i.LCD_CtrlLinesConfig) for LCD_CtrlLinesConfig
    lcd.o(i.LCD_Init) refers to lcd.o(i.LCD_ReadReg) for LCD_ReadReg
    lcd.o(i.LCD_Init) refers to lcd.o(i.REG_932X_Init) for REG_932X_Init
    lcd.o(i.LCD_Init) refers to lcd.o(i.REG_8230_Init) for REG_8230_Init
    lcd.o(i.LCD_Init) refers to lcd.o(.data) for .data
[...]
    i.HAL_ADC_Init                           0x08000e7c   Section        0  stm32g4xx_hal_adc.o(i.HAL_ADC_Init)
    i.HAL_ADC_MspInit                        0x08001078   Section        0  adc.o(i.HAL_ADC_MspInit)
    i.HAL_ADC_Start                          0x0800115c   Section        0  stm32g4xx_hal_adc.o(i.HAL_ADC_Start)
    i.HAL_DMA_Abort                          0x08001250   Section        0  stm32g4xx_hal_dma.o(i.HAL_DMA_Abort)
    i.HAL_DMA_Abort_IT                       0x080012ba   Section        0  stm32g4xx_hal_dma.o(i.HAL_DMA_Abort_IT)
    i.HAL_Delay                              0x08001334   Section        0  stm32g4xx_hal.o(i.HAL_Delay)
    i.HAL_GPIO_Init                          0x08001358   Section        0  stm32g4xx_hal_gpio.o(i.HAL_GPIO_Init)
    i.HAL_GPIO_ReadPin                       0x080015a0   Section        0  stm32g4xx_hal_gpio.o(i.HAL_GPIO_ReadPin)
    i.HAL_GPIO_WritePin                      0x080015aa   Section        0  stm32g4xx_hal_gpio.o(i.HAL_GPIO_WritePin)
    i.HAL_GetTick                            0x080015b4   Section        0  stm32g4xx_hal.o(i.HAL_GetTick)
    i.HAL_IncTick                            0x080015c0   Section        0  stm32g4xx_hal.o(i.HAL_IncTick)
    i.HAL_Init                               0x080015d0   Section        0  stm32g4xx_hal.o(i.HAL_Init)
    i.HAL_InitTick                           0x080015f0   Section        0  stm32g4xx_hal.o(i.HAL_InitTick)
    i.HAL_MspInit                            0x08001634   Section        0  stm32g4xx_hal_msp.o(i.HAL_MspInit)
    i.HAL_NVIC_EnableIRQ                     0x08001664   Section        0  stm32g4xx_hal_cortex.o(i.HAL_NVIC_EnableIRQ)
    i.HAL_NVIC_SetPriority                   0x08001680   Section        0  stm32g4xx_hal_cortex.o(i.HAL_NVIC_SetPriority)
    i.HAL_NVIC_SetPriorityGrouping           0x080016c0   Section        0  stm32g4xx_hal_cortex.o(i.HAL_NVIC_SetPriorityGrouping)
    i.HAL_PWREx_ControlVoltageScaling        0x080016e4   Section        0  stm32g4xx_hal_pwr_ex.o(i.HAL_PWREx_ControlVoltageScaling)
    i.HAL_PWREx_DisableUCPDDeadBattery       0x080017a0   Section        0  stm32g4xx_hal_pwr_ex.o(i.HAL_PWREx_DisableUCPDDeadBattery)
    i.HAL_RCCEx_PeriphCLKConfig              0x080017b0   Section        0  stm32g4xx_hal_rcc_ex.o(i.HAL_RCCEx_PeriphCLKConfig)
    i.HAL_RCC_ClockConfig                    0x08001a38   Section        0  stm32g4xx_hal_rcc.o(i.HAL_RCC_ClockConfig)
    i.HAL_RCC_GetPCLK1Freq                   0x08001c14   Section        0  stm32g4xx_hal_rcc.o(i.HAL_RCC_GetPCLK1Freq)
    i.HAL_RCC_GetPCLK2Freq                   0x08001c38   Section        0  stm32g4xx_hal_rcc.o(i.HAL_RCC_GetPCLK2Freq)
    i.HAL_RCC_GetSysClockFreq                0x08001c5c   Section        0  stm32g4xx_hal_rcc.o(i.HAL_RCC_GetSysClockFreq)
    i.HAL_RCC_OscConfig                      0x08001ccc   Section        0  stm32g4xx_hal_rcc.o(i.HAL_RCC_OscConfig)
    i.HAL_RTCEx_AlarmBEventCallback          0x080020d8   Section        0  stm32g4xx_hal_rtc_ex.o(i.HAL_RTCEx_AlarmBEventCallback)
    i.HAL_RTC_AlarmAEventCallback            0x080020dc   Section        0  main.o(i.HAL_RTC_AlarmAEventCallback)
    i.HAL_RTC_AlarmIRQHandler                0x08002128   Section        0  stm32g4xx_hal_rtc.o(i.HAL_RTC_AlarmIRQHandler)
    i.HAL_RTC_GetDate                        0x0800216c   Section        0  stm32g4xx_hal_rtc.o(i.HAL_RTC_GetDate)
    i.HAL_RTC_GetTime                        0x080021b0   Section        0  stm32g4xx_hal_rtc.o(i.HAL_RTC_GetTime)
    i.HAL_RTC_Init                           0x08002204   Section        0  stm32g4xx_hal_rtc.o(i.HAL_RTC_Init)
    i.HAL_RTC_MspInit                        0x08002298   Section        0  rtc.o(i.HAL_RTC_MspInit)
    i.HAL_RTC_SetAlarm_IT                    0x08002300   Section        0  stm32g4xx_hal_rtc.o(i.HAL_RTC_SetAlarm_IT)
    i.HAL_RTC_SetDate                        0x0800247c   Section        0  stm32g4xx_hal_rtc.o(i.HAL_RTC_SetDate)
    i.HAL_RTC_SetTime                        0x0800251c   Section        0  stm32g4xx_hal_rtc.o(i.HAL_RTC_SetTime)
    i.HAL_RTC_WaitForSynchro                 0x080025e8   Section        0  stm32g4xx_hal_rtc.o(i.HAL_RTC_WaitForSynchro)
    i.HAL_SYSTICK_Config                     0x0800261e   Section        0  stm32g4xx_hal_cortex.o(i.HAL_SYSTICK_Config)
    i.HAL_TIMEx_Break2Callback               0x08002646   Section        0  stm32g4xx_hal_tim_ex.o(i.HAL_TIMEx_Break2Callback)
    i.HAL_TIMEx_BreakCallback                0x08002648   Section        0  stm32g4xx_hal_tim_ex.o(i.HAL_TIMEx_BreakCallback)
    i.HAL_TIMEx_CommutCallback               0x0800264a   Section        0  stm32g4xx_hal_tim_ex.o(i.HAL_TIMEx_CommutCallback)
    i.HAL_TIMEx_DirectionChangeCallback      0x0800264c   Section        0  stm32g4xx_hal_tim_ex.o(i.HAL_TIMEx_DirectionChangeCallback)
    i.HAL_TIMEx_EncoderIndexCallback         0x0800264e   Section        0  stm32g4xx_hal_tim_ex.o(i.HAL_TIMEx_EncoderIndexCallback)
    i.HAL_TIMEx_IndexErrorCallback           0x08002650   Section        0  stm32g4xx_hal_tim_ex.o(i.HAL_TIMEx_IndexErrorCallback)
    i.HAL_TIMEx_MasterConfigSynchronization  0x08002654   Section        0  stm32g4xx_hal_tim_ex.o(i.HAL_TIMEx_MasterConfigSynchronization)
    i.HAL_TIMEx_TransitionErrorCallback      0x080026f0   Section        0  stm32g4xx_hal_tim_ex.o(i.HAL_TIMEx_TransitionErrorCallback)
    i.HAL_TIM_Base_Init                      0x080026f2   Section        0  stm32g4xx_hal_tim.o(i.HAL_TIM_Base_Init)
    i.HAL_TIM_Base_MspInit                   0x08002754   Section        0  tim.o(i.HAL_TIM_Base_MspInit)
    i.HAL_TIM_Base_Start_IT                  0x08002790   Section        0  stm32g4xx_hal_tim.o(i.HAL_TIM_Base_Start_IT)
    i.HAL_TIM_ConfigClockSource              0x08002808   Section        0  stm32g4xx_hal_tim.o(i.HAL_TIM_ConfigClockSource)
    i.HAL_TIM_IC_CaptureCallback             0x08002908   Section        0  stm32g4xx_hal_tim.o(i.HAL_TIM_IC_CaptureCallback)
    i.HAL_TIM_IRQHandler                     0x0800290a   Section        0  stm32g4xx_hal_tim.o(i.HAL_TIM_IRQHandler)
    i.HAL_TIM_OC_DelayElapsedCallback        0x08002b06   Section        0  stm32g4xx_hal_tim.o(i.HAL_TIM_OC_DelayElapsedCallback)
    i.HAL_TIM_PWM_PulseFinishedCallback      0x08002b08   Section        0  stm32g4xx_hal_tim.o(i.HAL_TIM_PWM_PulseFinishedCallback)
    i.HAL_TIM_PeriodElapsedCallback          0x08002b0c   Section        0  main.o(i.HAL_TIM_PeriodElapsedCallback)
    i.HAL_TIM_TriggerCallback                0x08002bb0   Section        0  stm32g4xx_hal_tim.o(i.HAL_TIM_TriggerCallback)
    i.HAL_UARTEx_DisableFifoMode             0x08002bb2   Section        0  stm32g4xx_hal_uart_ex.o(i.HAL_UARTEx_DisableFifoMode)
    i.HAL_UARTEx_RxEventCallback             0x08002bf0   Section        0  stm32g4xx_hal_uart.o(i.HAL_UARTEx_RxEventCallback)
    i.HAL_UARTEx_RxFifoFullCallback          0x08002bf2   Section        0  stm32g4xx_hal_uart_ex.o(i.HAL_UARTEx_RxFifoFullCallback)
    i.HAL_UARTEx_SetRxFifoThreshold          0x08002bf4   Section        0  stm32g4xx_hal_uart_ex.o(i.HAL_UARTEx_SetRxFifoThreshold)
    i.HAL_UARTEx_SetTxFifoThreshold          0x08002c40   Section        0  stm32g4xx_hal_uart_ex.o(i.HAL_UARTEx_SetTxFifoThreshold)
    i.HAL_UARTEx_TxFifoEmptyCallback         0x08002c8c   Section        0  stm32g4xx_hal_uart_ex.o(i.HAL_UARTEx_TxFifoEmptyCallback)
    i.HAL_UARTEx_WakeupCallback              0x08002c8e   Section        0  stm32g4xx_hal_uart_ex.o(i.HAL_UARTEx_WakeupCallback)
    i.HAL_UART_ErrorCallback                 0x08002c90   Section        0  stm32g4xx_hal_uart.o(i.HAL_UART_ErrorCallback)
    i.HAL_UART_IRQHandler                    0x08002c94   Section        0  stm32g4xx_hal_uart.o(i.HAL_UART_IRQHandler)
    i.HAL_UART_Init                          0x08002f74   Section        0  stm32g4xx_hal_uart.o(i.HAL_UART_Init)
    i.HAL_UART_MspInit                       0x08002fe0   Section        0  usart.o(i.HAL_UART_MspInit)
    i.HAL_UART_Receive_IT                    0x0800306c   Section        0  stm32g4xx_hal_uart.o(i.HAL_UART_Receive_IT)
    i.HAL_UART_RxCpltCallback                0x080030c0   Section        0  main.o(i.HAL_UART_RxCpltCallback)
    i.HAL_UART_Transmit                      0x080030f4   Section        0  stm32g4xx_hal_uart.o(i.HAL_UART_Transmit)
    i.HAL_UART_TxCpltCallback                0x080031b0   Section        0  stm32g4xx_hal_uart.o(i.HAL_UART_TxCpltCallback)
    i.HardFault_Handler                      0x080031b2   Section        0  stm32g4xx_it.o(i.HardFault_Handler)
    i.I2CReceiveByte                         0x080031b4   Section        0  i2c_hal.o(i.I2CReceiveByte)
    i.I2CSendByte                            0x08003202   Section        0  i2c_hal.o(i.I2CSendByte)
    i.I2CStart                               0x08003250   Section        0  i2c_hal.o(i.I2CStart)
    i.I2CStop                                0x08003286   Section        0  i2c_hal.o(i.I2CStop)
    i.I2CWaitAck                             0x080032bc   Section        0  i2c_hal.o(i.I2CWaitAck)
    i.LCD_BusIn                              0x0800330c   Section        0  lcd.o(i.LCD_BusIn)
    i.LCD_BusOut                             0x08003338   Section        0  lcd.o(i.LCD_BusOut)
    i.LCD_Clear                              0x08003368   Section        0  lcd.o(i.LCD_Clear)
    i.LCD_CtrlLinesConfig                    0x0800338c   Section        0  lcd.o(i.LCD_CtrlLinesConfig)
    i.LCD_DisplayChar                        0x0800341c   Section        0  lcd.o(i.LCD_DisplayChar)
    i.LCD_DisplayStringLine                  0x08003434   Section        0  lcd.o(i.LCD_DisplayStringLine)
    i.LCD_DrawChar                           0x08003460   Section        0  lcd.o(i.LCD_DrawChar)
    i.LCD_Init                               0x080034b8   Section        0  lcd.o(i.LCD_Init)
    i.LCD_ReadReg                            0x080034ec   Section        0  lcd.o(i.LCD_ReadReg)
    i.LCD_SetBackColor                       0x0800356c   Section        0  lcd.o(i.LCD_SetBackColor)
    i.LCD_SetCursor                          0x0800357c   Section        0  lcd.o(i.LCD_SetCursor)
    i.LCD_SetTextColor                       0x08003594   Section        0  lcd.o(i.LCD_SetTextColor)
    i.LCD_WriteRAM                           0x080035a4   Section        0  lcd.o(i.LCD_WriteRAM)
    i.LCD_WriteRAM_Prepare                   0x080035fc   Section        0  lcd.o(i.LCD_WriteRAM_Prepare)
    i.LCD_WriteReg                           0x08003658   Section        0  lcd.o(i.LCD_WriteReg)
    i.LL_ADC_GetOffsetChannel                0x080036c4   Section        0  stm32g4xx_hal_adc.o(i.LL_ADC_GetOffsetChannel)
    LL_ADC_GetOffsetChannel                  0x080036c5   Thumb Code    12  stm32g4xx_hal_adc.o(i.LL_ADC_GetOffsetChannel)
    i.LL_ADC_INJ_IsConversionOngoing         0x080036d0   Section        0  stm32g4xx_hal_adc.o(i.LL_ADC_INJ_IsConversionOngoing)
    LL_ADC_INJ_IsConversionOngoing           0x080036d1   Thumb Code     8  stm32g4xx_hal_adc.o(i.LL_ADC_INJ_IsConversionOngoing)
    i.LL_ADC_REG_IsConversionOngoing         0x080036d8   Section        0  stm32g4xx_hal_adc.o(i.LL_ADC_REG_IsConversionOngoing)
    LL_ADC_REG_IsConversionOngoing           0x080036d9   Thumb Code     8  stm32g4xx_hal_adc.o(i.LL_ADC_REG_IsConversionOngoing)
    i.LL_ADC_REG_IsConversionOngoing         0x080036e0   Section        0  stm32g4xx_hal_adc_ex.o(i.LL_ADC_REG_IsConversionOngoing)
    LL_ADC_REG_IsConversionOngoing           0x080036e1   Thumb Code     8  stm32g4xx_hal_adc_ex.o(i.LL_ADC_REG_IsConversionOngoing)
    i.LL_ADC_SetChannelSamplingTime          0x080036e8   Section        0  stm32g4xx_hal_adc.o(i.LL_ADC_SetChannelSamplingTime)
    LL_ADC_SetChannelSamplingTime            0x080036e9   Thumb Code    30  stm32g4xx_hal_adc.o(i.LL_ADC_SetChannelSamplingTime)
    i.LL_ADC_SetOffsetState                  0x08003706   Section        0  stm32g4xx_hal_adc.o(i.LL_ADC_SetOffsetState)
    LL_ADC_SetOffsetState                    0x08003707   Thumb Code    16  stm32g4xx_hal_adc.o(i.LL_ADC_SetOffsetState)
    i.MX_ADC1_Init                           0x08003718   Section        0  adc.o(i.MX_ADC1_Init)
    i.MX_ADC2_Init                           0x080037a8   Section        0  adc.o(i.MX_ADC2_Init)
    i.MX_GPIO_Init                           0x08003824   Section        0  gpio.o(i.MX_GPIO_Init)
    i.MX_RTC_Init                            0x08003944   Section        0  rtc.o(i.MX_RTC_Init)
    i.MX_TIM15_Init                          0x08003a08   Section        0  tim.o(i.MX_TIM15_Init)
    i.MX_USART1_UART_Init                    0x08003a74   Section        0  usart.o(i.MX_USART1_UART_Init)
    i.MemManage_Handler                      0x08003adc   Section        0  stm32g4xx_it.o(i.MemManage_Handler)
    i.NMI_Handler                            0x08003ade   Section        0  stm32g4xx_it.o(i.NMI_Handler)
    i.PendSV_Handler                         0x08003ae0   Section        0  stm32g4xx_it.o(i.PendSV_Handler)
    i.REG_8230_Init                          0x08003ae2   Section        0  lcd.o(i.REG_8230_Init)
    i.REG_932X_Init                          0x08003bf4   Section        0  lcd.o(i.REG_932X_Init)
    i.RTC_Alarm_IRQHandler                   0x08003df8   Section        0  stm32g4xx_it.o(i.RTC_Alarm_IRQHandler)
    i.RTC_Bcd2ToByte                         0x08003e04   Section        0  stm32g4xx_hal_rtc.o(i.RTC_Bcd2ToByte)
    i.RTC_ByteToBcd2                         0x08003e16   Section        0  stm32g4xx_hal_rtc.o(i.RTC_ByteToBcd2)
    i.RTC_EnterInitMode                      0x08003e30   Section        0  stm32g4xx_hal_rtc.o(i.RTC_EnterInitMode)
    i.RTC_ExitInitMode                       0x08003e7a   Section        0  stm32g4xx_hal_rtc.o(i.RTC_ExitInitMode)
    i.SCL_Output                             0x08003ecc   Section        0  i2c_hal.o(i.SCL_Output)
    i.SDA_Input                              0x08003ee4   Section        0  i2c_hal.o(i.SDA_Input)
    i.SDA_Input_Mode                         0x08003efc   Section        0  i2c_hal.o(i.SDA_Input_Mode)
    i.SDA_Output                             0x08003f28   Section        0  i2c_hal.o(i.SDA_Output)
    i.SDA_Output_Mode                        0x08003f40   Section        0  i2c_hal.o(i.SDA_Output_Mode)
    i.SVC_Handler                            0x08003f6c   Section        0  stm32g4xx_it.o(i.SVC_Handler)
    i.SysTick_Handler                        0x08003f6e   Section        0  stm32g4xx_it.o(i.SysTick_Handler)
    i.SystemClock_Config                     0x08003f72   Section        0  main.o(i.SystemClock_Config)
    i.SystemInit                             0x08003fd4   Section        0  system_stm32g4xx.o(i.SystemInit)
    i.TIM1_BRK_TIM15_IRQHandler              0x08003ff0   Section        0  stm32g4xx_it.o(i.TIM1_BRK_TIM15_IRQHandler)
    i.TIM_Base_SetConfig                     0x08003ffc   Section        0  stm32g4xx_hal_tim.o(i.TIM_Base_SetConfig)
    i.TIM_ETR_SetConfig                      0x080040ac   Section        0  stm32g4xx_hal_tim.o(i.TIM_ETR_SetConfig)
    i.TIM_ITRx_SetConfig                     0x080040c0   Section        0  stm32g4xx_hal_tim.o(i.TIM_ITRx_SetConfig)
    TIM_ITRx_SetConfig                       0x080040c1   Thumb Code    16  stm32g4xx_hal_tim.o(i.TIM_ITRx_SetConfig)
    i.TIM_TI1_ConfigInputStage               0x080040d4   Section        0  stm32g4xx_hal_tim.o(i.TIM_TI1_ConfigInputStage)
    TIM_TI1_ConfigInputStage                 0x080040d5   Thumb Code    34  stm32g4xx_hal_tim.o(i.TIM_TI1_ConfigInputStage)
    i.TIM_TI2_ConfigInputStage               0x080040f6   Section        0  stm32g4xx_hal_tim.o(i.TIM_TI2_ConfigInputStage)
    TIM_TI2_ConfigInputStage                 0x080040f7   Thumb Code    36  stm32g4xx_hal_tim.o(i.TIM_TI2_ConfigInputStage)
    i.UARTEx_SetNbDataToProcess              0x0800411c   Section        0  stm32g4xx_hal_uart_ex.o(i.UARTEx_SetNbDataToProcess)
    UARTEx_SetNbDataToProcess                0x0800411d   Thumb Code    62  stm32g4xx_hal_uart_ex.o(i.UARTEx_SetNbDataToProcess)
    i.UART_AdvFeatureConfig                  0x08004160   Section        0  stm32g4xx_hal_uart.o(i.UART_AdvFeatureConfig)
    i.UART_CheckIdleState                    0x08004228   Section        0  stm32g4xx_hal_uart.o(i.UART_CheckIdleState)
    i.UART_DMAAbortOnError                   0x08004288   Section        0  stm32g4xx_hal_uart.o(i.UART_DMAAbortOnError)
    UART_DMAAbortOnError                     0x08004289   Thumb Code    20  stm32g4xx_hal_uart.o(i.UART_DMAAbortOnError)
    i.UART_EndRxTransfer                     0x0800429c   Section        0  stm32g4xx_hal_uart.o(i.UART_EndRxTransfer)
    UART_EndRxTransfer                       0x0800429d   Thumb Code    78  stm32g4xx_hal_uart.o(i.UART_EndRxTransfer)
    i.UART_RxISR_16BIT                       0x080042f0   Section        0  stm32g4xx_hal_uart.o(i.UART_RxISR_16BIT)
    UART_RxISR_16BIT                         0x080042f1   Thumb Code   162  stm32g4xx_hal_uart.o(i.UART_RxISR_16BIT)
    i.UART_RxISR_16BIT_FIFOEN                0x08004394   Section        0  stm32g4xx_hal_uart.o(i.UART_RxISR_16BIT_FIFOEN)
    UART_RxISR_16BIT_FIFOEN                  0x08004395   Thumb Code   364  stm32g4xx_hal_uart.o(i.UART_RxISR_16BIT_FIFOEN)
    i.UART_RxISR_8BIT                        0x08004508   Section        0  stm32g4xx_hal_uart.o(i.UART_RxISR_8BIT)
    UART_RxISR_8BIT                          0x08004509   Thumb Code   162  stm32g4xx_hal_uart.o(i.UART_RxISR_8BIT)
    i.UART_RxISR_8BIT_FIFOEN                 0x080045ac   Section        0  stm32g4xx_hal_uart.o(i.UART_RxISR_8BIT_FIFOEN)
    UART_RxISR_8BIT_FIFOEN                   0x080045ad   Thumb Code   364  stm32g4xx_hal_uart.o(i.UART_RxISR_8BIT_FIFOEN)
    i.UART_SetConfig                         0x08004720   Section        0  stm32g4xx_hal_uart.o(i.UART_SetConfig)
    i.UART_Start_Receive_IT                  0x08004994   Section        0  stm32g4xx_hal_uart.o(i.UART_Start_Receive_IT)
    i.UART_WaitOnFlagUntilTimeout            0x08004aac   Section        0  stm32g4xx_hal_uart.o(i.UART_WaitOnFlagUntilTimeout)
    i.USART1_IRQHandler                      0x08004b74   Section        0  stm32g4xx_it.o(i.USART1_IRQHandler)
    i.UsageFault_Handler                     0x08004b80   Section        0  stm32g4xx_it.o(i.UsageFault_Handler)
    i.__0printf                              0x08004b84   Section        0  printfa.o(i.__0printf)
    i.__0sprintf                             0x08004ba4   Section        0  printfa.o(i.__0sprintf)
    i.__NVIC_SetPriority                     0x08004bcc   Section        0  stm32g4xx_hal_cortex.o(i.__NVIC_SetPriority)
    __NVIC_SetPriority                       0x08004bcd   Thumb Code    32  stm32g4xx_hal_cortex.o(i.__NVIC_SetPriority)
    i.__scatterload_copy                     0x08004bec   Section       14  handlers.o(i.__scatterload_copy)
    i.__scatterload_null                     0x08004bfa   Section        2  handlers.o(i.__scatterload_null)
    i.__scatterload_zeroinit                 0x08004bfc   Section       14  handlers.o(i.__scatterload_zeroinit)
    i._fp_digits                             0x08004c0c   Section        0  printfa.o(i._fp_digits)
    _fp_digits                               0x08004c0d   Thumb Code   366  printfa.o(i._fp_digits)
    i._printf_core                           0x08004d90   Section        0  printfa.o(i._printf_core)
    _printf_core                             0x08004d91   Thumb Code  1744  printfa.o(i._printf_core)
    i._printf_post_padding                   0x0800546c   Section        0  printfa.o(i._printf_post_padding)
    _printf_post_padding                     0x0800546d   Thumb Code    36  printfa.o(i._printf_post_padding)
    i._printf_pre_padding                    0x08005490   Section        0  printfa.o(i._printf_pre_padding)
    _printf_pre_padding                      0x08005491   Thumb Code    46  printfa.o(i._printf_pre_padding)
    i._sputc                                 0x080054be   Section        0  printfa.o(i._sputc)
    _sputc                                   0x080054bf   Thumb Code    10  printfa.o(i._sputc)
    i.deal_data                              0x080054c8   Section        0  main.o(i.deal_data)
    i.delay1                                 0x08005568   Section        0  i2c_hal.o(i.delay1)
    delay1                                   0x08005569   Thumb Code    12  i2c_hal.o(i.delay1)
    i.fputc                                  0x08005574   Section        0  main.o(i.fputc)
    i.get_dac                                0x0800558c   Section        0  main.o(i.get_dac)
    i.key_proc                               0x08005630   Section        0  main.o(i.key_proc)
    i.lcd_proc                               0x08005748   Section        0  main.o(i.lcd_proc)
    i.led_display                            0x0800595c   Section        0  main.o(i.led_display)
    i.led_off                                0x08005980   Section        0  main.o(i.led_off)
    i.led_proc                               0x080059b0   Section        0  main.o(i.led_proc)
    i.main                                   0x08005a1c   Section        0  main.o(i.main)
    i.read_eeprom                            0x08005b20   Section        0  i2c_hal.o(i.read_eeprom)
    i.usart_proc                             0x08005b60   Section        0  main.o(i.usart_proc)
    i.write_eeprom                           0x08005bfc   Section        0  i2c_hal.o(i.write_eeprom)
    .constdata                               0x08005c2c   Section     4560  lcd.o(.constdata)
    .constdata                               0x08006dfc   Section       16  system_stm32g4xx.o(.constdata)
    .constdata                               0x08006e0c   Section        8  system_stm32g4xx.o(.constdata)
    .constdata                               0x08006e14   Section       24  stm32g4xx_hal_uart.o(.constdata)
    .constdata                               0x08006e2c   Section       16  stm32g4xx_hal_uart_ex.o(.constdata)
    numerator                                0x08006e2c   Data           8  stm32g4xx_hal_uart_ex.o(.constdata)
    denominator                              0x08006e34   Data           8  stm32g4xx_hal_uart_ex.o(.constdata)
    .data                                    0x20000000   Section        6  lcd.o(.data)
    TextColor                                0x20000000   Data           2  lcd.o(.data)
    BackColor                                0x20000002   Data           2  lcd.o(.data)
    .data                                    0x20000008   Section       80  main.o(.data)
    .data                                    0x20000058   Section        4  adc.o(.data)
    HAL_RCC_ADC12_CLK_ENABLED                0x20000058   Data           4  adc.o(.data)
    .data                                    0x2000005c   Section        4  system_stm32g4xx.o(.data)
    .data                                    0x20000060   Section       12  stm32g4xx_hal.o(.data)
    .data                                    0x2000006c   Section        4  stdout.o(.data)
    .bss                                     0x20000070   Section      132  main.o(.bss)
    .bss                                     0x200000f4   Section      216  adc.o(.bss)
    .bss                                     0x200001cc   Section       80  rtc.o(.bss)
    .bss                                     0x2000021c   Section       76  tim.o(.bss)
    .bss                                     0x20000268   Section      144  usart.o(.bss)
    STACK                                    0x200002f8   Section     1024  startup_stm32g431xx.o(STACK)

    Global Symbols

    Symbol Name                              Value     Ov Type        Size  Object(Section)

    BuildAttributes$$THM_ISAv4$E$P$D$K$B$S$7EM$VFPi3$EXTD16$VFPS$VFMA$PE$A:L22UL41UL21$X:L11$S22US41US21$IEEE1$IW$USESV6$~STKCKD$USESV7$~SHL$OTIME$ROPI$EBA8$MICROLIB$REQ8$PRES8$EABIv2 0x00000000   Number         0  anon$$obj.o ABSOLUTE
    __ARM_use_no_argv                        0x00000000   Number         0  main.o ABSOLUTE
    _printf_a                                0x00000000   Number         0  stubs.o ABSOLUTE
    _printf_c                                0x00000000   Number         0  stubs.o ABSOLUTE
    _printf_charcount                        0x00000000   Number         0  stubs.o ABSOLUTE
    _printf_d                                0x00000000   Number         0  stubs.o ABSOLUTE
    _printf_e                                0x00000000   Number         0  stubs.o ABSOLUTE
    _printf_f                                0x00000000   Number         0  stubs.o ABSOLUTE
    _printf_flags                            0x00000000   Number         0  stubs.o ABSOLUTE
    _printf_fp_dec                           0x00000000   Number         0  stubs.o ABSOLUTE
    _printf_fp_hex                           0x00000000   Number         0  stubs.o ABSOLUTE
    _printf_g                                0x00000000   Number         0  stubs.o ABSOLUTE
    _printf_i                                0x00000000   Number         0  stubs.o ABSOLUTE
    _printf_int_dec                          0x00000000   Number         0  stubs.o ABSOLUTE
    _printf_l                                0x00000000   Number         0  stubs.o ABSOLUTE
    _printf_lc                               0x00000000   Number         0  stubs.o ABSOLUTE
    _printf_ll                               0x00000000   Number         0  stubs.o ABSOLUTE
    _printf_lld                              0x00000000   Number         0  stubs.o ABSOLUTE
    _printf_lli                              0x00000000   Number         0  stubs.o ABSOLUTE
    _printf_llo                              0x00000000   Number         0  stubs.o ABSOLUTE
    _printf_llu                              0x00000000   Number         0  stubs.o ABSOLUTE
    _printf_llx                              0x00000000   Number         0  stubs.o ABSOLUTE
    _printf_longlong_dec                     0x00000000   Number         0  stubs.o ABSOLUTE
    _printf_longlong_hex                     0x00000000   Number         0  stubs.o ABSOLUTE
    _printf_longlong_oct                     0x00000000   Number         0  stubs.o ABSOLUTE
    _printf_ls                               0x00000000   Number         0  stubs.o ABSOLUTE
    _printf_mbtowc                           0x00000000   Number         0  stubs.o ABSOLUTE
    _printf_n                                0x00000000   Number         0  stubs.o ABSOLUTE
    _printf_o                                0x00000000   Number         0  stubs.o ABSOLUTE
    _printf_p                                0x00000000   Number         0  stubs.o ABSOLUTE
    _printf_percent                          0x00000000   Number         0  stubs.o ABSOLUTE
    _printf_pre_padding                      0x00000000   Number         0  stubs.o ABSOLUTE
    _printf_return_value                     0x00000000   Number         0  stubs.o ABSOLUTE
    _printf_s                                0x00000000   Number         0  stubs.o ABSOLUTE
    _printf_sizespec                         0x00000000   Number         0  stubs.o ABSOLUTE
    _printf_str                              0x00000000   Number         0  stubs.o ABSOLUTE
    _printf_truncate_signed                  0x00000000   Number         0  stubs.o ABSOLUTE
    _printf_truncate_unsigned                0x00000000   Number         0  stubs.o ABSOLUTE
    _printf_u                                0x00000000   Number         0  stubs.o ABSOLUTE
    _printf_wc                               0x00000000   Number         0  stubs.o ABSOLUTE
    _printf_wctomb                           0x00000000   Number         0  stubs.o ABSOLUTE
    _printf_widthprec                        0x00000000   Number         0  stubs.o ABSOLUTE
    _printf_x                                0x00000000   Number         0  stubs.o ABSOLUTE
    __cpp_initialize__aeabi_                  - Undefined Weak Reference
    __cxa_finalize                            - Undefined Weak Reference
    __decompress                              - Undefined Weak Reference
    _clock_init                               - Undefined Weak Reference
    _microlib_exit                            - Undefined Weak Reference
    __Vectors_Size                           0x000001d8   Number         0  startup_stm32g431xx.o ABSOLUTE
    __Vectors                                0x08000000   Data           4  startup_stm32g431xx.o(RESET)
    __Vectors_End                            0x080001d8   Data           0  startup_stm32g431xx.o(RESET)
    __main                                   0x080001d9   Thumb Code     0  entry.o(.ARM.Collect$$$$00000000)
    _main_stk                                0x080001d9   Thumb Code     0  entry2.o(.ARM.Collect$$$$00000001)
    _main_scatterload                        0x080001dd   Thumb Code     0  entry5.o(.ARM.Collect$$$$00000004)
    __main_after_scatterload                 0x080001e1   Thumb Code     0  entry5.o(.ARM.Collect$$$$00000004)
    _main_clock                              0x080001e1   Thumb Code     0  entry7b.o(.ARM.Collect$$$$00000008)
    _main_cpp_init                           0x080001e1   Thumb Code     0  entry8b.o(.ARM.Collect$$$$0000000A)
    _main_init                               0x080001e1   Thumb Code     0  entry9a.o(.ARM.Collect$$$$0000000B)
    __rt_final_cpp                           0x080001e9   Thumb Code     0  entry10a.o(.ARM.Collect$$$$0000000D)
    __rt_final_exit                          0x080001e9   Thumb Code     0  entry11a.o(.ARM.Collect$$$$0000000F)
    Reset_Handler                            0x080001ed   Thumb Code     8  startup_stm32g431xx.o(.text)
    ADC1_2_IRQHandler                        0x08000207   Thumb Code     0  startup_stm32g431xx.o(.text)
    COMP1_2_3_IRQHandler                     0x08000207   Thumb Code     0  startup_stm32g431xx.o(.text)
    COMP4_IRQHandler                         0x08000207   Thumb Code     0  startup_stm32g431xx.o(.text)
    CORDIC_IRQHandler                        0x08000207   Thumb Code     0  startup_stm32g431xx.o(.text)
    CRS_IRQHandler                           0x08000207   Thumb Code     0  startup_stm32g431xx.o(.text)
    DMA1_Channel1_IRQHandler                 0x08000207   Thumb Code     0  startup_stm32g431xx.o(.text)
    DMA1_Channel2_IRQHandler                 0x08000207   Thumb Code     0  startup_stm32g431xx.o(.text)
    DMA1_Channel3_IRQHandler                 0x08000207   Thumb Code     0  startup_stm32g431xx.o(.text)
    DMA1_Channel4_IRQHandler                 0x08000207   Thumb Code     0  startup_stm32g431xx.o(.text)
    DMA1_Channel5_IRQHandler                 0x08000207   Thumb Code     0  startup_stm32g431xx.o(.text)
    DMA1_Channel6_IRQHandler                 0x08000207   Thumb Code     0  startup_stm32g431xx.o(.text)
    DMA2_Channel1_IRQHandler                 0x08000207   Thumb Code     0  startup_stm32g431xx.o(.text)
    DMA2_Channel2_IRQHandler                 0x08000207   Thumb Code     0  startup_stm32g431xx.o(.text)
    DMA2_Channel3_IRQHandler                 0x08000207   Thumb Code     0  startup_stm32g431xx.o(.text)
    DMA2_Channel4_IRQHandler                 0x08000207   Thumb Code     0  startup_stm32g431xx.o(.text)
    DMA2_Channel5_IRQHandler                 0x08000207   Thumb Code     0  startup_stm32g431xx.o(.text)
    DMA2_Channel6_IRQHandler                 0x08000207   Thumb Code     0  startup_stm32g431xx.o(.text)
    DMAMUX_OVR_IRQHandler                    0x08000207   Thumb Code     0  startup_stm32g431xx.o(.text)
    EXTI0_IRQHandler                         0x08000207   Thumb Code     0  startup_stm32g431xx.o(.text)
    EXTI15_10_IRQHandler                     0x08000207   Thumb Code     0  startup_stm32g431xx.o(.text)
    EXTI1_IRQHandler                         0x08000207   Thumb Code     0  startup_stm32g431xx.o(.text)
    EXTI2_IRQHandler                         0x08000207   Thumb Code     0  startup_stm32g431xx.o(.text)
    EXTI3_IRQHandler                         0x08000207   Thumb Code     0  startup_stm32g431xx.o(.text)
    EXTI4_IRQHandler                         0x08000207   Thumb Code     0  startup_stm32g431xx.o(.text)
    EXTI9_5_IRQHandler                       0x08000207   Thumb Code     0  startup_stm32g431xx.o(.text)
    FDCAN1_IT0_IRQHandler                    0x08000207   Thumb Code     0  startup_stm32g431xx.o(.text)
    FDCAN1_IT1_IRQHandler                    0x08000207   Thumb Code     0  startup_stm32g431xx.o(.text)
    FLASH_IRQHandler                         0x08000207   Thumb Code     0  startup_stm32g431xx.o(.text)
    FMAC_IRQHandler                          0x08000207   Thumb Code     0  startup_stm32g431xx.o(.text)
    FPU_IRQHandler                           0x08000207   Thumb Code     0  startup_stm32g431xx.o(.text)
    I2C1_ER_IRQHandler                       0x08000207   Thumb Code     0  startup_stm32g431xx.o(.text)
    I2C1_EV_IRQHandler                       0x08000207   Thumb Code     0  startup_stm32g431xx.o(.text)
    I2C2_ER_IRQHandler                       0x08000207   Thumb Code     0  startup_stm32g431xx.o(.text)
    I2C2_EV_IRQHandler                       0x08000207   Thumb Code     0  startup_stm32g431xx.o(.text)
    I2C3_ER_IRQHandler                       0x08000207   Thumb Code     0  startup_stm32g431xx.o(.text)
    I2C3_EV_IRQHandler                       0x08000207   Thumb Code     0  startup_stm32g431xx.o(.text)
    LPTIM1_IRQHandler                        0x08000207   Thumb Code     0  startup_stm32g431xx.o(.text)
    LPUART1_IRQHandler                       0x08000207   Thumb Code     0  startup_stm32g431xx.o(.text)
    PVD_PVM_IRQHandler                       0x08000207   Thumb Code     0  startup_stm32g431xx.o(.text)
    RCC_IRQHandler                           0x08000207   Thumb Code     0  startup_stm32g431xx.o(.text)
    RNG_IRQHandler                           0x08000207   Thumb Code     0  startup_stm32g431xx.o(.text)
    RTC_TAMP_LSECSS_IRQHandler               0x08000207   Thumb Code     0  startup_stm32g431xx.o(.text)
    RTC_WKUP_IRQHandler                      0x08000207   Thumb Code     0  startup_stm32g431xx.o(.text)
    SAI1_IRQHandler                          0x08000207   Thumb Code     0  startup_stm32g431xx.o(.text)
    SPI1_IRQHandler                          0x08000207   Thumb Code     0  startup_stm32g431xx.o(.text)
    SPI2_IRQHandler                          0x08000207   Thumb Code     0  startup_stm32g431xx.o(.text)
    SPI3_IRQHandler                          0x08000207   Thumb Code     0  startup_stm32g431xx.o(.text)
    TIM1_CC_IRQHandler                       0x08000207   Thumb Code     0  startup_stm32g431xx.o(.text)
    TIM1_TRG_COM_TIM17_IRQHandler            0x08000207   Thumb Code     0  startup_stm32g431xx.o(.text)
    TIM1_UP_TIM16_IRQHandler                 0x08000207   Thumb Code     0  startup_stm32g431xx.o(.text)
    TIM2_IRQHandler                          0x08000207   Thumb Code     0  startup_stm32g431xx.o(.text)
    TIM3_IRQHandler                          0x08000207   Thumb Code     0  startup_stm32g431xx.o(.text)
    TIM4_IRQHandler                          0x08000207   Thumb Code     0  startup_stm32g431xx.o(.text)
    TIM6_DAC_IRQHandler                      0x08000207   Thumb Code     0  startup_stm32g431xx.o(.text)
    TIM7_DAC_IRQHandler                      0x08000207   Thumb Code     0  startup_stm32g431xx.o(.text)
    TIM8_BRK_IRQHandler                      0x08000207   Thumb Code     0  startup_stm32g431xx.o(.text)
    TIM8_CC_IRQHandler                       0x08000207   Thumb Code     0  startup_stm32g431xx.o(.text)
    TIM8_TRG_COM_IRQHandler                  0x08000207   Thumb Code     0  startup_stm32g431xx.o(.text)
    TIM8_UP_IRQHandler                       0x08000207   Thumb Code     0  startup_stm32g431xx.o(.text)
    UART4_IRQHandler                         0x08000207   Thumb Code     0  startup_stm32g431xx.o(.text)
    UCPD1_IRQHandler                         0x08000207   Thumb Code     0  startup_stm32g431xx.o(.text)
    USART2_IRQHandler                        0x08000207   Thumb Code     0  startup_stm32g431xx.o(.text)
    USART3_IRQHandler                        0x08000207   Thumb Code     0  startup_stm32g431xx.o(.text)
    USBWakeUp_IRQHandler                     0x08000207   Thumb Code     0  startup_stm32g431xx.o(.text)
    USB_HP_IRQHandler                        0x08000207   Thumb Code     0  startup_stm32g431xx.o(.text)
    USB_LP_IRQHandler                        0x08000207   Thumb Code     0  startup_stm32g431xx.o(.text)
    WWDG_IRQHandler                          0x08000207   Thumb Code     0  startup_stm32g431xx.o(.text)
    __aeabi_uldivmod                         0x08000211   Thumb Code    98  uldiv.o(.text)
    __aeabi_memset                           0x08000273   Thumb Code    14  memseta.o(.text)
    __aeabi_memset4                          0x08000273   Thumb Code     0  memseta.o(.text)
    __aeabi_memset8                          0x08000273   Thumb Code     0  memseta.o(.text)
    __aeabi_memclr                           0x08000281   Thumb Code     4  memseta.o(.text)
    __aeabi_memclr4                          0x08000281   Thumb Code     0  memseta.o(.text)
    __aeabi_memclr8                          0x08000281   Thumb Code     0  memseta.o(.text)
    _memset$wrapper                          0x08000285   Thumb Code    18  memseta.o(.text)
    strlen                                   0x08000297   Thumb Code    14  strlen.o(.text)
    __aeabi_dadd                             0x080002a5   Thumb Code   322  dadd.o(.text)
    __aeabi_dsub                             0x080003e7   Thumb Code     6  dadd.o(.text)
    __aeabi_drsub                            0x080003ed   Thumb Code     6  dadd.o(.text)
    __aeabi_dmul                             0x080003f3   Thumb Code   228  dmul.o(.text)
    __aeabi_i2d                              0x080004d7   Thumb Code    34  dflti.o(.text)
    __aeabi_ui2d                             0x080004f9   Thumb Code    26  dfltui.o(.text)
    __aeabi_d2uiz                            0x08000513   Thumb Code    50  dfixui.o(.text)
    __aeabi_f2d                              0x08000545   Thumb Code    38  f2d.o(.text)
    __aeabi_cdcmpeq                          0x0800056d   Thumb Code     0  cdcmple.o(.text)
    __aeabi_cdcmple                          0x0800056d   Thumb Code    48  cdcmple.o(.text)
    __aeabi_d2f                              0x0800059d   Thumb Code    56  d2f.o(.text)
    __aeabi_uidiv                            0x080005d5   Thumb Code     0  uidiv.o(.text)
    __aeabi_uidivmod                         0x080005d5   Thumb Code    44  uidiv.o(.text)
    __aeabi_llsl                             0x08000601   Thumb Code    30  llshl.o(.text)
    _ll_shift_l                              0x08000601   Thumb Code     0  llshl.o(.text)
    __aeabi_llsr                             0x0800061f   Thumb Code    32  llushr.o(.text)
    _ll_ushift_r                             0x0800061f   Thumb Code     0  llushr.o(.text)
    __aeabi_lasr                             0x0800063f   Thumb Code    36  llsshr.o(.text)
    _ll_sshift_r                             0x0800063f   Thumb Code     0  llsshr.o(.text)
    __I$use$fp                               0x08000663   Thumb Code     0  iusefp.o(.text)
    _float_round                             0x08000663   Thumb Code    18  fepilogue.o(.text)
    _float_epilogue                          0x08000675   Thumb Code    92  fepilogue.o(.text)
    _double_round                            0x080006d1   Thumb Code    30  depilogue.o(.text)
    _double_epilogue                         0x080006ef   Thumb Code   156  depilogue.o(.text)
    __aeabi_ddiv                             0x0800078b   Thumb Code   222  ddiv.o(.text)
    __aeabi_d2ulz                            0x08000869   Thumb Code    48  dfixul.o(.text)
    __aeabi_cdrcmple                         0x08000899   Thumb Code    48  cdrcmple.o(.text)
    __scatterload                            0x080008c9   Thumb Code    28  init.o(.text)
    __scatterload_rt2                        0x080008c9   Thumb Code     0  init.o(.text)
    ADC_Enable                               0x080008ed   Thumb Code   110  stm32g4xx_hal_adc.o(i.ADC_Enable)
    BusFault_Handler                         0x08000961   Thumb Code     2  stm32g4xx_it.o(i.BusFault_Handler)
    DebugMon_Handler                         0x08000963   Thumb Code     2  stm32g4xx_it.o(i.DebugMon_Handler)
    Delay_LCD                                0x08000965   Thumb Code    28  lcd.o(i.Delay_LCD)
    Error_Handler                            0x08000981   Thumb Code     2  main.o(i.Error_Handler)
    HAL_ADCEx_MultiModeConfigChannel         0x08000985   Thumb Code   208  stm32g4xx_hal_adc_ex.o(i.HAL_ADCEx_MultiModeConfigChannel)
    HAL_ADC_ConfigChannel                    0x08000a5d   Thumb Code   998  stm32g4xx_hal_adc.o(i.HAL_ADC_ConfigChannel)
    HAL_ADC_GetValue                         0x08000e75   Thumb Code     6  stm32g4xx_hal_adc.o(i.HAL_ADC_GetValue)
    HAL_ADC_Init                             0x08000e7d   Thumb Code   476  stm32g4xx_hal_adc.o(i.HAL_ADC_Init)
    HAL_ADC_MspInit                          0x08001079   Thumb Code   210  adc.o(i.HAL_ADC_MspInit)
    HAL_ADC_Start                            0x0800115d   Thumb Code   230  stm32g4xx_hal_adc.o(i.HAL_ADC_Start)
    HAL_DMA_Abort                            0x08001251   Thumb Code   106  stm32g4xx_hal_dma.o(i.HAL_DMA_Abort)
    HAL_DMA_Abort_IT                         0x080012bb   Thumb Code   120  stm32g4xx_hal_dma.o(i.HAL_DMA_Abort_IT)
    HAL_Delay                                0x08001335   Thumb Code    32  stm32g4xx_hal.o(i.HAL_Delay)
    HAL_GPIO_Init                            0x08001359   Thumb Code   550  stm32g4xx_hal_gpio.o(i.HAL_GPIO_Init)
    HAL_GPIO_ReadPin                         0x080015a1   Thumb Code    10  stm32g4xx_hal_gpio.o(i.HAL_GPIO_ReadPin)
    HAL_GPIO_WritePin                        0x080015ab   Thumb Code    10  stm32g4xx_hal_gpio.o(i.HAL_GPIO_WritePin)
    HAL_GetTick                              0x080015b5   Thumb Code     6  stm32g4xx_hal.o(i.HAL_GetTick)
    HAL_IncTick                              0x080015c1   Thumb Code    12  stm32g4xx_hal.o(i.HAL_IncTick)
    HAL_Init                                 0x080015d1   Thumb Code    30  stm32g4xx_hal.o(i.HAL_Init)
    HAL_InitTick                             0x080015f1   Thumb Code    58  stm32g4xx_hal.o(i.HAL_InitTick)
    HAL_MspInit                              0x08001635   Thumb Code    42  stm32g4xx_hal_msp.o(i.HAL_MspInit)
    HAL_NVIC_EnableIRQ                       0x08001665   Thumb Code    26  stm32g4xx_hal_cortex.o(i.HAL_NVIC_EnableIRQ)
    HAL_NVIC_SetPriority                     0x08001681   Thumb Code    60  stm32g4xx_hal_cortex.o(i.HAL_NVIC_SetPriority)
    HAL_NVIC_SetPriorityGrouping             0x080016c1   Thumb Code    26  stm32g4xx_hal_cortex.o(i.HAL_NVIC_SetPriorityGrouping)
    HAL_PWREx_ControlVoltageScaling          0x080016e5   Thumb Code   174  stm32g4xx_hal_pwr_ex.o(i.HAL_PWREx_ControlVoltageScaling)
    HAL_PWREx_DisableUCPDDeadBattery         0x080017a1   Thumb Code    12  stm32g4xx_hal_pwr_ex.o(i.HAL_PWREx_DisableUCPDDeadBattery)
    HAL_RCCEx_PeriphCLKConfig                0x080017b1   Thumb Code   638  stm32g4xx_hal_rcc_ex.o(i.HAL_RCCEx_PeriphCLKConfig)
    HAL_RCC_ClockConfig                      0x08001a39   Thumb Code   444  stm32g4xx_hal_rcc.o(i.HAL_RCC_ClockConfig)
    HAL_RCC_GetPCLK1Freq                     0x08001c15   Thumb Code    24  stm32g4xx_hal_rcc.o(i.HAL_RCC_GetPCLK1Freq)
    HAL_RCC_GetPCLK2Freq                     0x08001c39   Thumb Code    24  stm32g4xx_hal_rcc.o(i.HAL_RCC_GetPCLK2Freq)
    HAL_RCC_GetSysClockFreq                  0x08001c5d   Thumb Code    98  stm32g4xx_hal_rcc.o(i.HAL_RCC_GetSysClockFreq)
    HAL_RCC_OscConfig                        0x08001ccd   Thumb Code  1036  stm32g4xx_hal_rcc.o(i.HAL_RCC_OscConfig)
    HAL_RTCEx_AlarmBEventCallback            0x080020d9   Thumb Code     2  stm32g4xx_hal_rtc_ex.o(i.HAL_RTCEx_AlarmBEventCallback)
    HAL_RTC_AlarmAEventCallback              0x080020dd   Thumb Code    64  main.o(i.HAL_RTC_AlarmAEventCallback)
    HAL_RTC_AlarmIRQHandler                  0x08002129   Thumb Code    62  stm32g4xx_hal_rtc.o(i.HAL_RTC_AlarmIRQHandler)
    HAL_RTC_GetDate                          0x0800216d   Thumb Code    62  stm32g4xx_hal_rtc.o(i.HAL_RTC_GetDate)
    HAL_RTC_GetTime                          0x080021b1   Thumb Code    78  stm32g4xx_hal_rtc.o(i.HAL_RTC_GetTime)
    HAL_RTC_Init                             0x08002205   Thumb Code   142  stm32g4xx_hal_rtc.o(i.HAL_RTC_Init)
    HAL_RTC_MspInit                          0x08002299   Thumb Code    94  rtc.o(i.HAL_RTC_MspInit)
    HAL_RTC_SetAlarm_IT                      0x08002301   Thumb Code   374  stm32g4xx_hal_rtc.o(i.HAL_RTC_SetAlarm_IT)
    HAL_RTC_SetDate                          0x0800247d   Thumb Code   156  stm32g4xx_hal_rtc.o(i.HAL_RTC_SetDate)
    HAL_RTC_SetTime                          0x0800251d   Thumb Code   198  stm32g4xx_hal_rtc.o(i.HAL_RTC_SetTime)
    HAL_RTC_WaitForSynchro                   0x080025e9   Thumb Code    54  stm32g4xx_hal_rtc.o(i.HAL_RTC_WaitForSynchro)
    HAL_SYSTICK_Config                       0x0800261f   Thumb Code    40  stm32g4xx_hal_cortex.o(i.HAL_SYSTICK_Config)
    HAL_TIMEx_Break2Callback                 0x08002647   Thumb Code     2  stm32g4xx_hal_tim_ex.o(i.HAL_TIMEx_Break2Callback)
    HAL_TIMEx_BreakCallback                  0x08002649   Thumb Code     2  stm32g4xx_hal_tim_ex.o(i.HAL_TIMEx_BreakCallback)
    HAL_TIMEx_CommutCallback                 0x0800264b   Thumb Code     2  stm32g4xx_hal_tim_ex.o(i.HAL_TIMEx_CommutCallback)
    HAL_TIMEx_DirectionChangeCallback        0x0800264d   Thumb Code     2  stm32g4xx_hal_tim_ex.o(i.HAL_TIMEx_DirectionChangeCallback)
    HAL_TIMEx_EncoderIndexCallback           0x0800264f   Thumb Code     2  stm32g4xx_hal_tim_ex.o(i.HAL_TIMEx_EncoderIndexCallback)
    HAL_TIMEx_IndexErrorCallback             0x08002651   Thumb Code     2  stm32g4xx_hal_tim_ex.o(i.HAL_TIMEx_IndexErrorCallback)
    HAL_TIMEx_MasterConfigSynchronization    0x08002655   Thumb Code   132  stm32g4xx_hal_tim_ex.o(i.HAL_TIMEx_MasterConfigSynchronization)
    HAL_TIMEx_TransitionErrorCallback        0x080026f1   Thumb Code     2  stm32g4xx_hal_tim_ex.o(i.HAL_TIMEx_TransitionErrorCallback)
    HAL_TIM_Base_Init                        0x080026f3   Thumb Code    98  stm32g4xx_hal_tim.o(i.HAL_TIM_Base_Init)
    HAL_TIM_Base_MspInit                     0x08002755   Thumb Code    50  tim.o(i.HAL_TIM_Base_MspInit)
    HAL_TIM_Base_Start_IT                    0x08002791   Thumb Code    94  stm32g4xx_hal_tim.o(i.HAL_TIM_Base_Start_IT)
    HAL_TIM_ConfigClockSource                0x08002809   Thumb Code   246  stm32g4xx_hal_tim.o(i.HAL_TIM_ConfigClockSource)
    HAL_TIM_IC_CaptureCallback               0x08002909   Thumb Code     2  stm32g4xx_hal_tim.o(i.HAL_TIM_IC_CaptureCallback)
    HAL_TIM_IRQHandler                       0x0800290b   Thumb Code   508  stm32g4xx_hal_tim.o(i.HAL_TIM_IRQHandler)
    HAL_TIM_OC_DelayElapsedCallback          0x08002b07   Thumb Code     2  stm32g4xx_hal_tim.o(i.HAL_TIM_OC_DelayElapsedCallback)
    HAL_TIM_PWM_PulseFinishedCallback        0x08002b09   Thumb Code     2  stm32g4xx_hal_tim.o(i.HAL_TIM_PWM_PulseFinishedCallback)
    HAL_TIM_PeriodElapsedCallback            0x08002b0d   Thumb Code   148  main.o(i.HAL_TIM_PeriodElapsedCallback)
    HAL_TIM_TriggerCallback                  0x08002bb1   Thumb Code     2  stm32g4xx_hal_tim.o(i.HAL_TIM_TriggerCallback)
    HAL_UARTEx_DisableFifoMode               0x08002bb3   Thumb Code    62  stm32g4xx_hal_uart_ex.o(i.HAL_UARTEx_DisableFifoMode)
    HAL_UARTEx_RxEventCallback               0x08002bf1   Thumb Code     2  stm32g4xx_hal_uart.o(i.HAL_UARTEx_RxEventCallback)
    HAL_UARTEx_RxFifoFullCallback            0x08002bf3   Thumb Code     2  stm32g4xx_hal_uart_ex.o(i.HAL_UARTEx_RxFifoFullCallback)
    HAL_UARTEx_SetRxFifoThreshold            0x08002bf5   Thumb Code    76  stm32g4xx_hal_uart_ex.o(i.HAL_UARTEx_SetRxFifoThreshold)
    HAL_UARTEx_SetTxFifoThreshold            0x08002c41   Thumb Code    76  stm32g4xx_hal_uart_ex.o(i.HAL_UARTEx_SetTxFifoThreshold)
    HAL_UARTEx_TxFifoEmptyCallback           0x08002c8d   Thumb Code     2  stm32g4xx_hal_uart_ex.o(i.HAL_UARTEx_TxFifoEmptyCallback)
    HAL_UARTEx_WakeupCallback                0x08002c8f   Thumb Code     2  stm32g4xx_hal_uart_ex.o(i.HAL_UARTEx_WakeupCallback)
    HAL_UART_ErrorCallback                   0x08002c91   Thumb Code     2  stm32g4xx_hal_uart.o(i.HAL_UART_ErrorCallback)
    HAL_UART_IRQHandler                      0x08002c95   Thumb Code   722  stm32g4xx_hal_uart.o(i.HAL_UART_IRQHandler)
    HAL_UART_Init                            0x08002f75   Thumb Code   106  stm32g4xx_hal_uart.o(i.HAL_UART_Init)
    HAL_UART_MspInit                         0x08002fe1   Thumb Code   132  usart.o(i.HAL_UART_MspInit)
    HAL_UART_Receive_IT                      0x0800306d   Thumb Code    80  stm32g4xx_hal_uart.o(i.HAL_UART_Receive_IT)
    HAL_UART_RxCpltCallback                  0x080030c1   Thumb Code    34  main.o(i.HAL_UART_RxCpltCallback)
    HAL_UART_Transmit                        0x080030f5   Thumb Code   188  stm32g4xx_hal_uart.o(i.HAL_UART_Transmit)
    HAL_UART_TxCpltCallback                  0x080031b1   Thumb Code     2  stm32g4xx_hal_uart.o(i.HAL_UART_TxCpltCallback)
    HardFault_Handler                        0x080031b3   Thumb Code     2  stm32g4xx_it.o(i.HardFault_Handler)
    I2CReceiveByte                           0x080031b5   Thumb Code    78  i2c_hal.o(i.I2CReceiveByte)
    I2CSendByte                              0x08003203   Thumb Code    78  i2c_hal.o(i.I2CSendByte)
    I2CStart                                 0x08003251   Thumb Code    54  i2c_hal.o(i.I2CStart)
    I2CStop                                  0x08003287   Thumb Code    54  i2c_hal.o(i.I2CStop)
    I2CWaitAck                               0x080032bd   Thumb Code    80  i2c_hal.o(i.I2CWaitAck)
    LCD_BusIn                                0x0800330d   Thumb Code    40  lcd.o(i.LCD_BusIn)
    LCD_BusOut                               0x08003339   Thumb Code    42  lcd.o(i.LCD_BusOut)
    LCD_Clear                                0x08003369   Thumb Code    36  lcd.o(i.LCD_Clear)
    LCD_CtrlLinesConfig                      0x0800338d   Thumb Code   136  lcd.o(i.LCD_CtrlLinesConfig)
    LCD_DisplayChar                          0x0800341d   Thumb Code    18  lcd.o(i.LCD_DisplayChar)
    LCD_DisplayStringLine                    0x08003435   Thumb Code    42  lcd.o(i.LCD_DisplayStringLine)
    LCD_DrawChar                             0x08003461   Thumb Code    84  lcd.o(i.LCD_DrawChar)
    LCD_Init                                 0x080034b9   Thumb Code    46  lcd.o(i.LCD_Init)
    LCD_ReadReg                              0x080034ed   Thumb Code   120  lcd.o(i.LCD_ReadReg)
    LCD_SetBackColor                         0x0800356d   Thumb Code    12  lcd.o(i.LCD_SetBackColor)
    LCD_SetCursor                            0x0800357d   Thumb Code    24  lcd.o(i.LCD_SetCursor)
    LCD_SetTextColor                         0x08003595   Thumb Code    12  lcd.o(i.LCD_SetTextColor)
    LCD_WriteRAM                             0x080035a5   Thumb Code    80  lcd.o(i.LCD_WriteRAM)
    LCD_WriteRAM_Prepare                     0x080035fd   Thumb Code    82  lcd.o(i.LCD_WriteRAM_Prepare)
    LCD_WriteReg                             0x08003659   Thumb Code   100  lcd.o(i.LCD_WriteReg)
    MX_ADC1_Init                             0x08003719   Thumb Code   136  adc.o(i.MX_ADC1_Init)
    MX_ADC2_Init                             0x080037a9   Thumb Code   110  adc.o(i.MX_ADC2_Init)
    MX_GPIO_Init                             0x08003825   Thumb Code   270  gpio.o(i.MX_GPIO_Init)
    MX_RTC_Init                              0x08003945   Thumb Code   184  rtc.o(i.MX_RTC_Init)
    MX_TIM15_Init                            0x08003a09   Thumb Code   100  tim.o(i.MX_TIM15_Init)
    MX_USART1_UART_Init                      0x08003a75   Thumb Code    94  usart.o(i.MX_USART1_UART_Init)
    MemManage_Handler                        0x08003add   Thumb Code     2  stm32g4xx_it.o(i.MemManage_Handler)
    NMI_Handler                              0x08003adf   Thumb Code     2  stm32g4xx_it.o(i.NMI_Handler)
    PendSV_Handler                           0x08003ae1   Thumb Code     2  stm32g4xx_it.o(i.PendSV_Handler)
    REG_8230_Init                            0x08003ae3   Thumb Code   274  lcd.o(i.REG_8230_Init)
    REG_932X_Init                            0x08003bf5   Thumb Code   514  lcd.o(i.REG_932X_Init)
    RTC_Alarm_IRQHandler                     0x08003df9   Thumb Code     6  stm32g4xx_it.o(i.RTC_Alarm_IRQHandler)
    RTC_Bcd2ToByte                           0x08003e05   Thumb Code    18  stm32g4xx_hal_rtc.o(i.RTC_Bcd2ToByte)
    RTC_ByteToBcd2                           0x08003e17   Thumb Code    24  stm32g4xx_hal_rtc.o(i.RTC_ByteToBcd2)
    RTC_EnterInitMode                        0x08003e31   Thumb Code    74  stm32g4xx_hal_rtc.o(i.RTC_EnterInitMode)
    RTC_ExitInitMode                         0x08003e7b   Thumb Code    80  stm32g4xx_hal_rtc.o(i.RTC_ExitInitMode)
    SCL_Output                               0x08003ecd   Thumb Code    20  i2c_hal.o(i.SCL_Output)
    SDA_Input                                0x08003ee5   Thumb Code    18  i2c_hal.o(i.SDA_Input)
    SDA_Input_Mode                           0x08003efd   Thumb Code    40  i2c_hal.o(i.SDA_Input_Mode)
    SDA_Output                               0x08003f29   Thumb Code    20  i2c_hal.o(i.SDA_Output)
    SDA_Output_Mode                          0x08003f41   Thumb Code    40  i2c_hal.o(i.SDA_Output_Mode)
    SVC_Handler                              0x08003f6d   Thumb Code     2  stm32g4xx_it.o(i.SVC_Handler)
    SysTick_Handler                          0x08003f6f   Thumb Code     4  stm32g4xx_it.o(i.SysTick_Handler)
    SystemClock_Config                       0x08003f73   Thumb Code    98  main.o(i.SystemClock_Config)
    SystemInit                               0x08003fd5   Thumb Code    22  system_stm32g4xx.o(i.SystemInit)
    TIM1_BRK_TIM15_IRQHandler                0x08003ff1   Thumb Code     6  stm32g4xx_it.o(i.TIM1_BRK_TIM15_IRQHandler)
    TIM_Base_SetConfig                       0x08003ffd   Thumb Code   146  stm32g4xx_hal_tim.o(i.TIM_Base_SetConfig)
    TIM_ETR_SetConfig                        0x080040ad   Thumb Code    20  stm32g4xx_hal_tim.o(i.TIM_ETR_SetConfig)
    UART_AdvFeatureConfig                    0x08004161   Thumb Code   200  stm32g4xx_hal_uart.o(i.UART_AdvFeatureConfig)
    UART_CheckIdleState                      0x08004229   Thumb Code    96  stm32g4xx_hal_uart.o(i.UART_CheckIdleState)
    UART_SetConfig                           0x08004721   Thumb Code   582  stm32g4xx_hal_uart.o(i.UART_SetConfig)
    UART_Start_Receive_IT                    0x08004995   Thumb Code   262  stm32g4xx_hal_uart.o(i.UART_Start_Receive_IT)
    UART_WaitOnFlagUntilTimeout              0x08004aad   Thumb Code   198  stm32g4xx_hal_uart.o(i.UART_WaitOnFlagUntilTimeout)
    USART1_IRQHandler                        0x08004b75   Thumb Code     6  stm32g4xx_it.o(i.USART1_IRQHandler)
    UsageFault_Handler                       0x08004b81   Thumb Code     2  stm32g4xx_it.o(i.UsageFault_Handler)
    __0printf                                0x08004b85   Thumb Code    22  printfa.o(i.__0printf)
    __1printf                                0x08004b85   Thumb Code     0  printfa.o(i.__0printf)
    __2printf                                0x08004b85   Thumb Code     0  printfa.o(i.__0printf)
    __c89printf                              0x08004b85   Thumb Code     0  printfa.o(i.__0printf)
    printf                                   0x08004b85   Thumb Code     0  printfa.o(i.__0printf)
    __0sprintf                               0x08004ba5   Thumb Code    34  printfa.o(i.__0sprintf)
    __1sprintf                               0x08004ba5   Thumb Code     0  printfa.o(i.__0sprintf)
    __2sprintf                               0x08004ba5   Thumb Code     0  printfa.o(i.__0sprintf)
    __c89sprintf                             0x08004ba5   Thumb Code     0  printfa.o(i.__0sprintf)
    sprintf                                  0x08004ba5   Thumb Code     0  printfa.o(i.__0sprintf)
    __scatterload_copy                       0x08004bed   Thumb Code    14  handlers.o(i.__scatterload_copy)
    __scatterload_null                       0x08004bfb   Thumb Code     2  handlers.o(i.__scatterload_null)
    __scatterload_zeroinit                   0x08004bfd   Thumb Code    14  handlers.o(i.__scatterload_zeroinit)
    deal_data                                0x080054c9   Thumb Code   128  main.o(i.deal_data)
    fputc                                    0x08005575   Thumb Code    20  main.o(i.fputc)
    get_dac                                  0x0800558d   Thumb Code   122  main.o(i.get_dac)
    key_proc                                 0x08005631   Thumb Code   270  main.o(i.key_proc)
    lcd_proc                                 0x08005749   Thumb Code   354  main.o(i.lcd_proc)
    led_display                              0x0800595d   Thumb Code    32  main.o(i.led_display)
    led_off                                  0x08005981   Thumb Code    40  main.o(i.led_off)
    led_proc                                 0x080059b1   Thumb Code   100  main.o(i.led_proc)
    main                                     0x08005a1d   Thumb Code   226  main.o(i.main)
    read_eeprom                              0x08005b21   Thumb Code    64  i2c_hal.o(i.read_eeprom)
    usart_proc                               0x08005b61   Thumb Code   122  main.o(i.usart_proc)
    write_eeprom                             0x08005bfd   Thumb Code    48  i2c_hal.o(i.write_eeprom)
    ASCII_Table                              0x08005c2c   Data        4560  lcd.o(.constdata)
    AHBPrescTable                            0x08006dfc   Data          16  system_stm32g4xx.o(.constdata)
    APBPrescTable                            0x08006e0c   Data           8  system_stm32g4xx.o(.constdata)
    UARTPrescTable                           0x08006e14   Data          24  stm32g4xx_hal_uart.o(.constdata)
    Region$$Table$$Base                      0x08006e3c   Number         0  anon$$obj.o(Region$$Table)
    Region$$Table$$Limit                     0x08006e5c   Number         0  anon$$obj.o(Region$$Table)
    dummy                                    0x20000004   Data           2  lcd.o(.data)
    led_flag                                 0x20000008   Data           1  main.o(.data)
    tx_flag                                  0x20000009   Data           1  main.o(.data)
    Pdata                                    0x2000000a   Data           1  main.o(.data)
    set_time                                 0x2000000b   Data           4  main.o(.data)
    set_time_temp                            0x2000000f   Data           4  main.o(.data)
    key0_count                               0x20000014   Data           4  main.o(.data)
    key1_count                               0x20000018   Data           4  main.o(.data)
    key_time                                 0x2000001c   Data           4  main.o(.data)
    led_delay_time                           0x20000020   Data           4  main.o(.data)
    setting_choose                           0x20000024   Data           4  main.o(.data)
    setting_time_choose                      0x20000028   Data           4  main.o(.data)
    lcd_choose                               0x2000002c   Data           4  main.o(.data)
    data_pointer                             0x20000030   Data           4  main.o(.data)
    rtc_date                                 0x20000034   Data           4  main.o(.data)
    Vdd                                      0x20000038   Data           8  main.o(.data)
    K                                        0x20000040   Data           8  main.o(.data)
    adc_value                                0x20000048   Data           8  main.o(.data)
    last_adc_value                           0x20000050   Data           8  main.o(.data)
    SystemCoreClock                          0x2000005c   Data           4  system_stm32g4xx.o(.data)
    uwTickPrio                               0x20000060   Data           4  stm32g4xx_hal.o(.data)
    uwTickFreq                               0x20000064   Data           4  stm32g4xx_hal.o(.data)
    uwTick                                   0x20000068   Data           4  stm32g4xx_hal.o(.data)
    __stdout                                 0x2000006c   Data           4  stdout.o(.data)
    key                                      0x20000070   Data          32  main.o(.bss)
    rtc_time                                 0x20000090   Data          20  main.o(.bss)
    lcd_text                                 0x200000a4   Data          20  main.o(.bss)
    rx_data                                  0x200000b8   Data          30  main.o(.bss)
    tx_data                                  0x200000d6   Data          30  main.o(.bss)
    hadc1                                    0x200000f4   Data         108  adc.o(.bss)
    hadc2                                    0x20000160   Data         108  adc.o(.bss)
    sAlarm                                   0x200001cc   Data          40  rtc.o(.bss)
    hrtc                                     0x200001f4   Data          40  rtc.o(.bss)
    htim15                                   0x2000021c   Data          76  tim.o(.bss)
    huart1                                   0x20000268   Data         144  usart.o(.bss)
    __initial_sp                             0x200006f8   Data           0  startup_stm32g431xx.o(STACK)



==============================================================================

Memory Map of the image

  Image Entry point : 0x080001d9

  Load Region LR_IROM1 (Base: 0x08000000, Size: 0x00006ecc, Max: 0x00020000, ABSOLUTE)

    Execution Region ER_IROM1 (Exec base: 0x08000000, Load base: 0x08000000, Size: 0x00006e5c, Max: 0x00020000, ABSOLUTE)

    Exec Addr    Load Addr    Size         Type   Attr      Idx    E Section Name        Object

    0x08000000   0x08000000   0x000001d8   Data   RO            3    RESET               startup_stm32g431xx.o
    0x080001d8   0x080001d8   0x00000000   Code   RO         5119  * .ARM.Collect$$$$00000000  mc_w.l(entry.o)
    0x080001d8   0x080001d8   0x00000004   Code   RO         5405    .ARM.Collect$$$$00000001  mc_w.l(entry2.o)
    0x080001dc   0x080001dc   0x00000004   Code   RO         5408    .ARM.Collect$$$$00000004  mc_w.l(entry5.o)
    0x080001e0   0x080001e0   0x00000000   Code   RO         5410    .ARM.Collect$$$$00000008  mc_w.l(entry7b.o)
    0x080001e0   0x080001e0   0x00000000   Code   RO         5412    .ARM.Collect$$$$0000000A  mc_w.l(entry8b.o)
    0x080001e0   0x080001e0   0x00000008   Code   RO         5413    .ARM.Collect$$$$0000000B  mc_w.l(entry9a.o)
    0x080001e8   0x080001e8   0x00000000   Code   RO         5415    .ARM.Collect$$$$0000000D  mc_w.l(entry10a.o)
    0x080001e8   0x080001e8   0x00000000   Code   RO         5417    .ARM.Collect$$$$0000000F  mc_w.l(entry11a.o)
    0x080001e8   0x080001e8   0x00000004   Code   RO         5406    .ARM.Collect$$$$00002712  mc_w.l(entry2.o)
    0x080001ec   0x080001ec   0x00000024   Code   RO            4    .text               startup_stm32g431xx.o
    0x08000210   0x08000210   0x00000062   Code   RO         5122    .text               mc_w.l(uldiv.o)
    0x08000272   0x08000272   0x00000024   Code   RO         5124    .text               mc_w.l(memseta.o)
    0x08000296   0x08000296   0x0000000e   Code   RO         5126    .text               mc_w.l(strlen.o)
    0x080002a4   0x080002a4   0x0000014e   Code   RO         5389    .text               mf_w.l(dadd.o)
    0x080003f2   0x080003f2   0x000000e4   Code   RO         5391    .text               mf_w.l(dmul.o)
    0x080004d6   0x080004d6   0x00000022   Code   RO         5393    .text               mf_w.l(dflti.o)
    0x080004f8   0x080004f8   0x0000001a   Code   RO         5395    .text               mf_w.l(dfltui.o)
    0x08000512   0x08000512   0x00000032   Code   RO         5397    .text               mf_w.l(dfixui.o)
    0x08000544   0x08000544   0x00000026   Code   RO         5399    .text               mf_w.l(f2d.o)
    0x0800056a   0x0800056a   0x00000002   PAD
    0x0800056c   0x0800056c   0x00000030   Code   RO         5401    .text               mf_w.l(cdcmple.o)
    0x0800059c   0x0800059c   0x00000038   Code   RO         5403    .text               mf_w.l(d2f.o)
    0x080005d4   0x080005d4   0x0000002c   Code   RO         5420    .text               mc_w.l(uidiv.o)
    0x08000600   0x08000600   0x0000001e   Code   RO         5422    .text               mc_w.l(llshl.o)
    0x0800061e   0x0800061e   0x00000020   Code   RO         5424    .text               mc_w.l(llushr.o)
    0x0800063e   0x0800063e   0x00000024   Code   RO         5426    .text               mc_w.l(llsshr.o)
    0x08000662   0x08000662   0x00000000   Code   RO         5428    .text               mc_w.l(iusefp.o)
    0x08000662   0x08000662   0x0000006e   Code   RO         5429    .text               mf_w.l(fepilogue.o)
    0x080006d0   0x080006d0   0x000000ba   Code   RO         5431    .text               mf_w.l(depilogue.o)
    0x0800078a   0x0800078a   0x000000de   Code   RO         5433    .text               mf_w.l(ddiv.o)
    0x08000868   0x08000868   0x00000030   Code   RO         5435    .text               mf_w.l(dfixul.o)
    0x08000898   0x08000898   0x00000030   Code   RO         5437    .text               mf_w.l(cdrcmple.o)
    0x080008c8   0x080008c8   0x00000024   Code   RO         5439    .text               mc_w.l(init.o)
    0x080008ec   0x080008ec   0x00000074   Code   RO         1073    i.ADC_Enable        stm32g4xx_hal_adc.o
    0x08000960   0x08000960   0x00000002   Code   RO          912    i.BusFault_Handler  stm32g4xx_it.o
    0x08000962   0x08000962   0x00000002   Code   RO          913    i.DebugMon_Handler  stm32g4xx_it.o
    0x08000964   0x08000964   0x0000001c   Code   RO           13    i.Delay_LCD         lcd.o
    0x08000980   0x08000980   0x00000002   Code   RO          451    i.Error_Handler     main.o
    0x08000982   0x08000982   0x00000002   PAD
    0x08000984   0x08000984   0x000000d8   Code   RO         1323    i.HAL_ADCEx_MultiModeConfigChannel  stm32g4xx_hal_adc_ex.o
    0x08000a5c   0x08000a5c   0x00000418   Code   RO         1075    i.HAL_ADC_ConfigChannel  stm32g4xx_hal_adc.o
    0x08000e74   0x08000e74   0x00000006   Code   RO         1082    i.HAL_ADC_GetValue  stm32g4xx_hal_adc.o
    0x08000e7a   0x08000e7a   0x00000002   PAD
    0x08000e7c   0x08000e7c   0x000001fc   Code   RO         1084    i.HAL_ADC_Init      stm32g4xx_hal_adc.o
    0x08001078   0x08001078   0x000000e4   Code   RO          738    i.HAL_ADC_MspInit   adc.o
    0x0800115c   0x0800115c   0x000000f4   Code   RO         1090    i.HAL_ADC_Start     stm32g4xx_hal_adc.o
    0x08001250   0x08001250   0x0000006a   Code   RO         2351    i.HAL_DMA_Abort     stm32g4xx_hal_dma.o
    0x080012ba   0x080012ba   0x00000078   Code   RO         2352    i.HAL_DMA_Abort_IT  stm32g4xx_hal_dma.o
    0x08001332   0x08001332   0x00000002   PAD
    0x08001334   0x08001334   0x00000024   Code   RO         1522    i.HAL_Delay         stm32g4xx_hal.o
    0x08001358   0x08001358   0x00000248   Code   RO         2213    i.HAL_GPIO_Init     stm32g4xx_hal_gpio.o
    0x080015a0   0x080015a0   0x0000000a   Code   RO         2215    i.HAL_GPIO_ReadPin  stm32g4xx_hal_gpio.o
    0x080015aa   0x080015aa   0x0000000a   Code   RO         2217    i.HAL_GPIO_WritePin  stm32g4xx_hal_gpio.o
    0x080015b4   0x080015b4   0x0000000c   Code   RO         1526    i.HAL_GetTick       stm32g4xx_hal.o
    0x080015c0   0x080015c0   0x00000010   Code   RO         1529    i.HAL_IncTick       stm32g4xx_hal.o
    0x080015d0   0x080015d0   0x0000001e   Code   RO         1530    i.HAL_Init          stm32g4xx_hal.o
    0x080015ee   0x080015ee   0x00000002   PAD
    0x080015f0   0x080015f0   0x00000044   Code   RO         1531    i.HAL_InitTick      stm32g4xx_hal.o
    0x08001634   0x08001634   0x00000030   Code   RO         1006    i.HAL_MspInit       stm32g4xx_hal_msp.o
    0x08001664   0x08001664   0x0000001a   Code   RO         2860    i.HAL_NVIC_EnableIRQ  stm32g4xx_hal_cortex.o
    0x0800167e   0x0800167e   0x00000002   PAD
    0x08001680   0x08001680   0x00000040   Code   RO         2866    i.HAL_NVIC_SetPriority  stm32g4xx_hal_cortex.o
    0x080016c0   0x080016c0   0x00000024   Code   RO         2867    i.HAL_NVIC_SetPriorityGrouping  stm32g4xx_hal_cortex.o
    0x080016e4   0x080016e4   0x000000bc   Code   RO         2616    i.HAL_PWREx_ControlVoltageScaling  stm32g4xx_hal_pwr_ex.o
    0x080017a0   0x080017a0   0x00000010   Code   RO         2628    i.HAL_PWREx_DisableUCPDDeadBattery  stm32g4xx_hal_pwr_ex.o
    0x080017b0   0x080017b0   0x00000288   Code   RO         1875    i.HAL_RCCEx_PeriphCLKConfig  stm32g4xx_hal_rcc_ex.o
    0x08001a38   0x08001a38   0x000001dc   Code   RO         1750    i.HAL_RCC_ClockConfig  stm32g4xx_hal_rcc.o
    0x08001c14   0x08001c14   0x00000024   Code   RO         1758    i.HAL_RCC_GetPCLK1Freq  stm32g4xx_hal_rcc.o
    0x08001c38   0x08001c38   0x00000024   Code   RO         1759    i.HAL_RCC_GetPCLK2Freq  stm32g4xx_hal_rcc.o
    0x08001c5c   0x08001c5c   0x00000070   Code   RO         1760    i.HAL_RCC_GetSysClockFreq  stm32g4xx_hal_rcc.o
    0x08001ccc   0x08001ccc   0x0000040c   Code   RO         1763    i.HAL_RCC_OscConfig  stm32g4xx_hal_rcc.o
    0x080020d8   0x080020d8   0x00000002   Code   RO         3163    i.HAL_RTCEx_AlarmBEventCallback  stm32g4xx_hal_rtc_ex.o
    0x080020da   0x080020da   0x00000002   PAD
    0x080020dc   0x080020dc   0x0000004c   Code   RO          452    i.HAL_RTC_AlarmAEventCallback  main.o
    0x08002128   0x08002128   0x00000044   Code   RO         2991    i.HAL_RTC_AlarmIRQHandler  stm32g4xx_hal_rtc.o
    0x0800216c   0x0800216c   0x00000044   Code   RO         3000    i.HAL_RTC_GetDate   stm32g4xx_hal_rtc.o
    0x080021b0   0x080021b0   0x00000054   Code   RO         3002    i.HAL_RTC_GetTime   stm32g4xx_hal_rtc.o
    0x08002204   0x08002204   0x00000094   Code   RO         3003    i.HAL_RTC_Init      stm32g4xx_hal_rtc.o
    0x08002298   0x08002298   0x00000068   Code   RO          787    i.HAL_RTC_MspInit   rtc.o
    0x08002300   0x08002300   0x0000017c   Code   RO         3008    i.HAL_RTC_SetAlarm_IT  stm32g4xx_hal_rtc.o
    0x0800247c   0x0800247c   0x000000a0   Code   RO         3009    i.HAL_RTC_SetDate   stm32g4xx_hal_rtc.o
    0x0800251c   0x0800251c   0x000000cc   Code   RO         3010    i.HAL_RTC_SetTime   stm32g4xx_hal_rtc.o
    0x080025e8   0x080025e8   0x00000036   Code   RO         3011    i.HAL_RTC_WaitForSynchro  stm32g4xx_hal_rtc.o
    0x0800261e   0x0800261e   0x00000028   Code   RO         2871    i.HAL_SYSTICK_Config  stm32g4xx_hal_cortex.o
    0x08002646   0x08002646   0x00000002   Code   RO         4161    i.HAL_TIMEx_Break2Callback  stm32g4xx_hal_tim_ex.o
    0x08002648   0x08002648   0x00000002   Code   RO         4162    i.HAL_TIMEx_BreakCallback  stm32g4xx_hal_tim_ex.o
    0x0800264a   0x0800264a   0x00000002   Code   RO         4163    i.HAL_TIMEx_CommutCallback  stm32g4xx_hal_tim_ex.o
    0x0800264c   0x0800264c   0x00000002   Code   RO         4174    i.HAL_TIMEx_DirectionChangeCallback  stm32g4xx_hal_tim_ex.o
    0x0800264e   0x0800264e   0x00000002   Code   RO         4188    i.HAL_TIMEx_EncoderIndexCallback  stm32g4xx_hal_tim_ex.o
    0x08002650   0x08002650   0x00000002   Code   RO         4202    i.HAL_TIMEx_IndexErrorCallback  stm32g4xx_hal_tim_ex.o
    0x08002652   0x08002652   0x00000002   PAD
    0x08002654   0x08002654   0x0000009c   Code   RO         4203    i.HAL_TIMEx_MasterConfigSynchronization  stm32g4xx_hal_tim_ex.o
    0x080026f0   0x080026f0   0x00000002   Code   RO         4224    i.HAL_TIMEx_TransitionErrorCallback  stm32g4xx_hal_tim_ex.o
    0x080026f2   0x080026f2   0x00000062   Code   RO         3447    i.HAL_TIM_Base_Init  stm32g4xx_hal_tim.o
    0x08002754   0x08002754   0x0000003c   Code   RO          829    i.HAL_TIM_Base_MspInit  tim.o
    0x08002790   0x08002790   0x00000078   Code   RO         3452    i.HAL_TIM_Base_Start_IT  stm32g4xx_hal_tim.o
    0x08002808   0x08002808   0x00000100   Code   RO         3456    i.HAL_TIM_ConfigClockSource  stm32g4xx_hal_tim.o
    0x08002908   0x08002908   0x00000002   Code   RO         3481    i.HAL_TIM_IC_CaptureCallback  stm32g4xx_hal_tim.o
    0x0800290a   0x0800290a   0x000001fc   Code   RO         3495    i.HAL_TIM_IRQHandler  stm32g4xx_hal_tim.o
    0x08002b06   0x08002b06   0x00000002   Code   RO         3498    i.HAL_TIM_OC_DelayElapsedCallback  stm32g4xx_hal_tim.o
    0x08002b08   0x08002b08   0x00000002   Code   RO         3525    i.HAL_TIM_PWM_PulseFinishedCallback  stm32g4xx_hal_tim.o
    0x08002b0a   0x08002b0a   0x00000002   PAD
    0x08002b0c   0x08002b0c   0x000000a4   Code   RO          453    i.HAL_TIM_PeriodElapsedCallback  main.o
    0x08002bb0   0x08002bb0   0x00000002   Code   RO         3538    i.HAL_TIM_TriggerCallback  stm32g4xx_hal_tim.o
    0x08002bb2   0x08002bb2   0x0000003e   Code   RO         5010    i.HAL_UARTEx_DisableFifoMode  stm32g4xx_hal_uart_ex.o
    0x08002bf0   0x08002bf0   0x00000002   Code   RO         4599    i.HAL_UARTEx_RxEventCallback  stm32g4xx_hal_uart.o
    0x08002bf2   0x08002bf2   0x00000002   Code   RO         5017    i.HAL_UARTEx_RxFifoFullCallback  stm32g4xx_hal_uart_ex.o
    0x08002bf4   0x08002bf4   0x0000004c   Code   RO         5018    i.HAL_UARTEx_SetRxFifoThreshold  stm32g4xx_hal_uart_ex.o
    0x08002c40   0x08002c40   0x0000004c   Code   RO         5019    i.HAL_UARTEx_SetTxFifoThreshold  stm32g4xx_hal_uart_ex.o
    0x08002c8c   0x08002c8c   0x00000002   Code   RO         5021    i.HAL_UARTEx_TxFifoEmptyCallback  stm32g4xx_hal_uart_ex.o
    0x08002c8e   0x08002c8e   0x00000002   Code   RO         5022    i.HAL_UARTEx_WakeupCallback  stm32g4xx_hal_uart_ex.o
    0x08002c90   0x08002c90   0x00000002   Code   RO         4615    i.HAL_UART_ErrorCallback  stm32g4xx_hal_uart.o
    0x08002c92   0x08002c92   0x00000002   PAD
    0x08002c94   0x08002c94   0x000002e0   Code   RO         4618    i.HAL_UART_IRQHandler  stm32g4xx_hal_uart.o
    0x08002f74   0x08002f74   0x0000006a   Code   RO         4619    i.HAL_UART_Init     stm32g4xx_hal_uart.o
    0x08002fde   0x08002fde   0x00000002   PAD
    0x08002fe0   0x08002fe0   0x0000008c   Code   RO          871    i.HAL_UART_MspInit  usart.o
    0x0800306c   0x0800306c   0x00000054   Code   RO         4624    i.HAL_UART_Receive_IT  stm32g4xx_hal_uart.o
    0x080030c0   0x080030c0   0x00000034   Code   RO          454    i.HAL_UART_RxCpltCallback  main.o
    0x080030f4   0x080030f4   0x000000bc   Code   RO         4628    i.HAL_UART_Transmit  stm32g4xx_hal_uart.o
    0x080031b0   0x080031b0   0x00000002   Code   RO         4631    i.HAL_UART_TxCpltCallback  stm32g4xx_hal_uart.o
    0x080031b2   0x080031b2   0x00000002   Code   RO          914    i.HardFault_Handler  stm32g4xx_it.o
    0x080031b4   0x080031b4   0x0000004e   Code   RO          340    i.I2CReceiveByte    i2c_hal.o
    0x08003202   0x08003202   0x0000004e   Code   RO          342    i.I2CSendByte       i2c_hal.o
    0x08003250   0x08003250   0x00000036   Code   RO          344    i.I2CStart          i2c_hal.o
    0x08003286   0x08003286   0x00000036   Code   RO          345    i.I2CStop           i2c_hal.o
    0x080032bc   0x080032bc   0x00000050   Code   RO          346    i.I2CWaitAck        i2c_hal.o
    0x0800330c   0x0800330c   0x0000002c   Code   RO           14    i.LCD_BusIn         lcd.o
    0x08003338   0x08003338   0x00000030   Code   RO           15    i.LCD_BusOut        lcd.o
    0x08003368   0x08003368   0x00000024   Code   RO           16    i.LCD_Clear         lcd.o
    0x0800338c   0x0800338c   0x00000090   Code   RO           18    i.LCD_CtrlLinesConfig  lcd.o
    0x0800341c   0x0800341c   0x00000018   Code   RO           19    i.LCD_DisplayChar   lcd.o
    0x08003434   0x08003434   0x0000002a   Code   RO           22    i.LCD_DisplayStringLine  lcd.o
    0x0800345e   0x0800345e   0x00000002   PAD
    0x08003460   0x08003460   0x00000058   Code   RO           23    i.LCD_DrawChar      lcd.o
    0x080034b8   0x080034b8   0x00000034   Code   RO           29    i.LCD_Init          lcd.o
    0x080034ec   0x080034ec   0x00000080   Code   RO           32    i.LCD_ReadReg       lcd.o
    0x0800356c   0x0800356c   0x00000010   Code   RO           33    i.LCD_SetBackColor  lcd.o
    0x0800357c   0x0800357c   0x00000018   Code   RO           34    i.LCD_SetCursor     lcd.o
    0x08003594   0x08003594   0x00000010   Code   RO           36    i.LCD_SetTextColor  lcd.o
    0x080035a4   0x080035a4   0x00000058   Code   RO           39    i.LCD_WriteRAM      lcd.o
    0x080035fc   0x080035fc   0x0000005c   Code   RO           40    i.LCD_WriteRAM_Prepare  lcd.o
    0x08003658   0x08003658   0x0000006c   Code   RO           41    i.LCD_WriteReg      lcd.o
    0x080036c4   0x080036c4   0x0000000c   Code   RO         1098    i.LL_ADC_GetOffsetChannel  stm32g4xx_hal_adc.o
    0x080036d0   0x080036d0   0x00000008   Code   RO         1099    i.LL_ADC_INJ_IsConversionOngoing  stm32g4xx_hal_adc.o
    0x080036d8   0x080036d8   0x00000008   Code   RO         1100    i.LL_ADC_REG_IsConversionOngoing  stm32g4xx_hal_adc.o
    0x080036e0   0x080036e0   0x00000008   Code   RO         1333    i.LL_ADC_REG_IsConversionOngoing  stm32g4xx_hal_adc_ex.o
    0x080036e8   0x080036e8   0x0000001e   Code   RO         1103    i.LL_ADC_SetChannelSamplingTime  stm32g4xx_hal_adc.o
    0x08003706   0x08003706   0x00000010   Code   RO         1104    i.LL_ADC_SetOffsetState  stm32g4xx_hal_adc.o
    0x08003716   0x08003716   0x00000002   PAD
    0x08003718   0x08003718   0x00000090   Code   RO          739    i.MX_ADC1_Init      adc.o
    0x080037a8   0x080037a8   0x0000007c   Code   RO          740    i.MX_ADC2_Init      adc.o
    0x08003824   0x08003824   0x00000120   Code   RO          710    i.MX_GPIO_Init      gpio.o
    0x08003944   0x08003944   0x000000c4   Code   RO          788    i.MX_RTC_Init       rtc.o
    0x08003a08   0x08003a08   0x0000006c   Code   RO          830    i.MX_TIM15_Init     tim.o
    0x08003a74   0x08003a74   0x00000068   Code   RO          872    i.MX_USART1_UART_Init  usart.o
    0x08003adc   0x08003adc   0x00000002   Code   RO          915    i.MemManage_Handler  stm32g4xx_it.o
    0x08003ade   0x08003ade   0x00000002   Code   RO          916    i.NMI_Handler       stm32g4xx_it.o
    0x08003ae0   0x08003ae0   0x00000002   Code   RO          917    i.PendSV_Handler    stm32g4xx_it.o
    0x08003ae2   0x08003ae2   0x00000112   Code   RO           42    i.REG_8230_Init     lcd.o
    0x08003bf4   0x08003bf4   0x00000202   Code   RO           43    i.REG_932X_Init     lcd.o
    0x08003df6   0x08003df6   0x00000002   PAD
    0x08003df8   0x08003df8   0x0000000c   Code   RO          918    i.RTC_Alarm_IRQHandler  stm32g4xx_it.o
    0x08003e04   0x08003e04   0x00000012   Code   RO         3012    i.RTC_Bcd2ToByte    stm32g4xx_hal_rtc.o
    0x08003e16   0x08003e16   0x00000018   Code   RO         3013    i.RTC_ByteToBcd2    stm32g4xx_hal_rtc.o
    0x08003e2e   0x08003e2e   0x00000002   PAD
    0x08003e30   0x08003e30   0x0000004a   Code   RO         3014    i.RTC_EnterInitMode  stm32g4xx_hal_rtc.o
    0x08003e7a   0x08003e7a   0x00000050   Code   RO         3015    i.RTC_ExitInitMode  stm32g4xx_hal_rtc.o
    0x08003eca   0x08003eca   0x00000002   PAD
    0x08003ecc   0x08003ecc   0x00000018   Code   RO          347    i.SCL_Output        i2c_hal.o
    0x08003ee4   0x08003ee4   0x00000018   Code   RO          348    i.SDA_Input         i2c_hal.o
    0x08003efc   0x08003efc   0x0000002c   Code   RO          349    i.SDA_Input_Mode    i2c_hal.o
    0x08003f28   0x08003f28   0x00000018   Code   RO          350    i.SDA_Output        i2c_hal.o
    0x08003f40   0x08003f40   0x0000002c   Code   RO          351    i.SDA_Output_Mode   i2c_hal.o
    0x08003f6c   0x08003f6c   0x00000002   Code   RO          919    i.SVC_Handler       stm32g4xx_it.o
    0x08003f6e   0x08003f6e   0x00000004   Code   RO          920    i.SysTick_Handler   stm32g4xx_it.o
    0x08003f72   0x08003f72   0x00000062   Code   RO          455    i.SystemClock_Config  main.o
    0x08003fd4   0x08003fd4   0x0000001c   Code   RO         1031    i.SystemInit        system_stm32g4xx.o
    0x08003ff0   0x08003ff0   0x0000000c   Code   RO          921    i.TIM1_BRK_TIM15_IRQHandler  stm32g4xx_it.o
    0x08003ffc   0x08003ffc   0x000000b0   Code   RO         3540    i.TIM_Base_SetConfig  stm32g4xx_hal_tim.o
    0x080040ac   0x080040ac   0x00000014   Code   RO         3551    i.TIM_ETR_SetConfig  stm32g4xx_hal_tim.o
    0x080040c0   0x080040c0   0x00000014   Code   RO         3552    i.TIM_ITRx_SetConfig  stm32g4xx_hal_tim.o
    0x080040d4   0x080040d4   0x00000022   Code   RO         3560    i.TIM_TI1_ConfigInputStage  stm32g4xx_hal_tim.o
    0x080040f6   0x080040f6   0x00000024   Code   RO         3562    i.TIM_TI2_ConfigInputStage  stm32g4xx_hal_tim.o
    0x0800411a   0x0800411a   0x00000002   PAD
    0x0800411c   0x0800411c   0x00000044   Code   RO         5023    i.UARTEx_SetNbDataToProcess  stm32g4xx_hal_uart_ex.o
    0x08004160   0x08004160   0x000000c8   Code   RO         4633    i.UART_AdvFeatureConfig  stm32g4xx_hal_uart.o
    0x08004228   0x08004228   0x00000060   Code   RO         4634    i.UART_CheckIdleState  stm32g4xx_hal_uart.o
    0x08004288   0x08004288   0x00000014   Code   RO         4635    i.UART_DMAAbortOnError  stm32g4xx_hal_uart.o
    0x0800429c   0x0800429c   0x00000054   Code   RO         4645    i.UART_EndRxTransfer  stm32g4xx_hal_uart.o
    0x080042f0   0x080042f0   0x000000a2   Code   RO         4647    i.UART_RxISR_16BIT  stm32g4xx_hal_uart.o
    0x08004392   0x08004392   0x00000002   PAD
    0x08004394   0x08004394   0x00000174   Code   RO         4648    i.UART_RxISR_16BIT_FIFOEN  stm32g4xx_hal_uart.o
    0x08004508   0x08004508   0x000000a2   Code   RO         4649    i.UART_RxISR_8BIT   stm32g4xx_hal_uart.o
    0x080045aa   0x080045aa   0x00000002   PAD
    0x080045ac   0x080045ac   0x00000174   Code   RO         4650    i.UART_RxISR_8BIT_FIFOEN  stm32g4xx_hal_uart.o
    0x08004720   0x08004720   0x00000274   Code   RO         4651    i.UART_SetConfig    stm32g4xx_hal_uart.o
    0x08004994   0x08004994   0x00000118   Code   RO         4653    i.UART_Start_Receive_IT  stm32g4xx_hal_uart.o
    0x08004aac   0x08004aac   0x000000c6   Code   RO         4658    i.UART_WaitOnFlagUntilTimeout  stm32g4xx_hal_uart.o
    0x08004b72   0x08004b72   0x00000002   PAD
    0x08004b74   0x08004b74   0x0000000c   Code   RO          922    i.USART1_IRQHandler  stm32g4xx_it.o
    0x08004b80   0x08004b80   0x00000002   Code   RO          923    i.UsageFault_Handler  stm32g4xx_it.o
    0x08004b82   0x08004b82   0x00000002   PAD
    0x08004b84   0x08004b84   0x00000020   Code   RO         5361    i.__0printf         mc_w.l(printfa.o)
    0x08004ba4   0x08004ba4   0x00000028   Code   RO         5363    i.__0sprintf        mc_w.l(printfa.o)
    0x08004bcc   0x08004bcc   0x00000020   Code   RO         2873    i.__NVIC_SetPriority  stm32g4xx_hal_cortex.o
    0x08004bec   0x08004bec   0x0000000e   Code   RO         5443    i.__scatterload_copy  mc_w.l(handlers.o)
    0x08004bfa   0x08004bfa   0x00000002   Code   RO         5444    i.__scatterload_null  mc_w.l(handlers.o)
    0x08004bfc   0x08004bfc   0x0000000e   Code   RO         5445    i.__scatterload_zeroinit  mc_w.l(handlers.o)
    0x08004c0a   0x08004c0a   0x00000002   PAD
    0x08004c0c   0x08004c0c   0x00000184   Code   RO         5368    i._fp_digits        mc_w.l(printfa.o)
    0x08004d90   0x08004d90   0x000006dc   Code   RO         5369    i._printf_core      mc_w.l(printfa.o)
    0x0800546c   0x0800546c   0x00000024   Code   RO         5370    i._printf_post_padding  mc_w.l(printfa.o)
    0x08005490   0x08005490   0x0000002e   Code   RO         5371    i._printf_pre_padding  mc_w.l(printfa.o)
    0x080054be   0x080054be   0x0000000a   Code   RO         5373    i._sputc            mc_w.l(printfa.o)
    0x080054c8   0x080054c8   0x000000a0   Code   RO          456    i.deal_data         main.o
    0x08005568   0x08005568   0x0000000c   Code   RO          352    i.delay1            i2c_hal.o
    0x08005574   0x08005574   0x00000018   Code   RO          457    i.fputc             main.o
    0x0800558c   0x0800558c   0x000000a4   Code   RO          458    i.get_dac           main.o
    0x08005630   0x08005630   0x00000118   Code   RO          459    i.key_proc          main.o
    0x08005748   0x08005748   0x00000214   Code   RO          460    i.lcd_proc          main.o
    0x0800595c   0x0800595c   0x00000024   Code   RO          461    i.led_display       main.o
    0x08005980   0x08005980   0x00000030   Code   RO          462    i.led_off           main.o
    0x080059b0   0x080059b0   0x0000006c   Code   RO          463    i.led_proc          main.o
    0x08005a1c   0x08005a1c   0x00000104   Code   RO          464    i.main              main.o
    0x08005b20   0x08005b20   0x00000040   Code   RO          353    i.read_eeprom       i2c_hal.o
    0x08005b60   0x08005b60   0x0000009c   Code   RO          465    i.usart_proc        main.o
    0x08005bfc   0x08005bfc   0x00000030   Code   RO          354    i.write_eeprom      i2c_hal.o
    0x08005c2c   0x08005c2c   0x000011d0   Data   RO           44    .constdata          lcd.o
    0x08006dfc   0x08006dfc   0x00000010   Data   RO         1032    .constdata          system_stm32g4xx.o
    0x08006e0c   0x08006e0c   0x00000008   Data   RO         1033    .constdata          system_stm32g4xx.o
    0x08006e14   0x08006e14   0x00000018   Data   RO         4659    .constdata          stm32g4xx_hal_uart.o
    0x08006e2c   0x08006e2c   0x00000010   Data   RO         5024    .constdata          stm32g4xx_hal_uart_ex.o
    0x08006e3c   0x08006e3c   0x00000020   Data   RO         5441    Region$$Table       anon$$obj.o


    Execution Region RW_IRAM1 (Exec base: 0x20000000, Load base: 0x08006e5c, Size: 0x000006f8, Max: 0x00008000, ABSOLUTE)

    Exec Addr    Load Addr    Size         Type   Attr      Idx    E Section Name        Object

    0x20000000   0x08006e5c   0x00000006   Data   RW           45    .data               lcd.o
    0x20000006   0x08006e62   0x00000002   PAD
    0x20000008   0x08006e64   0x00000050   Data   RW          468    .data               main.o
    0x20000058   0x08006eb4   0x00000004   Data   RW          742    .data               adc.o
    0x2000005c   0x08006eb8   0x00000004   Data   RW         1034    .data               system_stm32g4xx.o
    0x20000060   0x08006ebc   0x0000000c   Data   RW         1550    .data               stm32g4xx_hal.o
    0x2000006c   0x08006ec8   0x00000004   Data   RW         5419    .data               mc_w.l(stdout.o)
    0x20000070        -       0x00000084   Zero   RW          466    .bss                main.o
    0x200000f4        -       0x000000d8   Zero   RW          741    .bss                adc.o
    0x200001cc        -       0x00000050   Zero   RW          789    .bss                rtc.o
    0x2000021c        -       0x0000004c   Zero   RW          831    .bss                tim.o
    0x20000268        -       0x00000090   Zero   RW          873    .bss                usart.o
    0x200002f8        -       0x00000400   Zero   RW            1    STACK               startup_stm32g431xx.o


==============================================================================

Image component sizes


      Code (inc. data)   RO Data    RW Data    ZI Data      Debug   Object Name

       496         40          0          4        216       2582   adc.o
       288         18          0          0          0       1031   gpio.o
       628         22          0          0          0       7399   i2c_hal.o
      1766         76       4560          6          0     718063   lcd.o
      2160        400          0         80        132     618023   main.o
       300         22          0          0         80       1770   rtc.o
        36          8        472          0       1024        832   startup_stm32g431xx.o
       162         24          0         12          0       4305   stm32g4xx_hal.o
      1996        102          0          0          0      75843   stm32g4xx_hal_adc.o
       224          8          0          0          0      67627   stm32g4xx_hal_adc_ex.o
       198         14          0          0          0      33815   stm32g4xx_hal_cortex.o
       226          0          0          0          0       1927   stm32g4xx_hal_dma.o
       604         34          0          0          0       2987   stm32g4xx_hal_gpio.o
        48          6          0          0          0        830   stm32g4xx_hal_msp.o
       204         18          0          0          0       1401   stm32g4xx_hal_pwr_ex.o
      1696         92          0          0          0       6248   stm32g4xx_hal_rcc.o
       648         10          0          0          0       1868   stm32g4xx_hal_rcc_ex.o
      1362         40          0          0          0      10127   stm32g4xx_hal_rtc.o
         2          0          0          0          0        960   stm32g4xx_hal_rtc_ex.o
      1276         78          0          0          0      10305   stm32g4xx_hal_tim.o
       170         24          0          0          0       5368   stm32g4xx_hal_tim_ex.o
      3694        124         24          0          0      36578   stm32g4xx_hal_uart.o
       288          6         16          0          0       5330   stm32g4xx_hal_uart_ex.o
        56         18          0          0          0       5449   stm32g4xx_it.o
        28          6         24          4          0       1123   system_stm32g4xx.o
       168         18          0          0         76       1656   tim.o
       244         18          0          0        144       1746   usart.o

    ----------------------------------------------------------------------
     19008       1226       5128        108       1672    1625193   Object Totals
         0          0         32          0          0          0   (incl. Generated)
        40          0          0          2          0          0   (incl. Padding)

    ----------------------------------------------------------------------

      Code (inc. data)   RO Data    RW Data    ZI Data      Debug   Library Member Name

         0          0          0          0          0          0   entry.o
         0          0          0          0          0          0   entry10a.o
         0          0          0          0          0          0   entry11a.o
         8          4          0          0          0          0   entry2.o
         4          0          0          0          0          0   entry5.o
         0          0          0          0          0          0   entry7b.o
         0          0          0          0          0          0   entry8b.o
         8          4          0          0          0          0   entry9a.o
        30          0          0          0          0          0   handlers.o
        36          8          0          0          0         68   init.o
         0          0          0          0          0          0   iusefp.o
        30          0          0          0          0         68   llshl.o
        36          0          0          0          0         68   llsshr.o
        32          0          0          0          0         68   llushr.o
        36          0          0          0          0        108   memseta.o
      2308         96          0          0          0        604   printfa.o
         0          0          0          4          0          0   stdout.o
        14          0          0          0          0         68   strlen.o
        44          0          0          0          0         80   uidiv.o
        98          0          0          0          0         92   uldiv.o
        48          0          0          0          0         68   cdcmple.o
        48          0          0          0          0         68   cdrcmple.o
        56          0          0          0          0         88   d2f.o
       334          0          0          0          0        148   dadd.o
       222          0          0          0          0        100   ddiv.o
       186          0          0          0          0        176   depilogue.o
        50          0          0          0          0         76   dfixui.o
        48          0          0          0          0         68   dfixul.o
        34          0          0          0          0         76   dflti.o
        26          0          0          0          0         76   dfltui.o
       228          0          0          0          0         96   dmul.o
        38          0          0          0          0         68   f2d.o
       110          0          0          0          0        168   fepilogue.o

    ----------------------------------------------------------------------
      4116        112          0          4          0       2500   Library Totals
         4          0          0          0          0          0   (incl. Padding)

    ----------------------------------------------------------------------

      Code (inc. data)   RO Data    RW Data    ZI Data      Debug   Library Name

      2684        112          0          4          0       1224   mc_w.l
      1428          0          0          0          0       1276   mf_w.l

    ----------------------------------------------------------------------
      4116        112          0          4          0       2500   Library Totals

    ----------------------------------------------------------------------

==============================================================================


      Code (inc. data)   RO Data    RW Data    ZI Data      Debug   

     23124       1338       5128        112       1672    1610997   Grand Totals
     23124       1338       5128        112       1672    1610997   ELF Image Totals
     23124       1338       5128        112          0          0   ROM Totals

==============================================================================

    Total RO  Size (Code + RO Data)                28252 (  27.59kB)
    Total RW  Size (RW Data + ZI Data)              1784 (   1.74kB)
    Total ROM Size (Code + RO Data + RW Data)      28364 (  27.70kB)

==============================================================================

